Component: ARM Compiler 5.06 update 7 (build 960) Tool: armlink [4d3601]

==============================================================================

Section Cross References

    startup_stm32f10x_hd.o(RESET) refers to startup_stm32f10x_hd.o(STACK) for __initial_sp
    startup_stm32f10x_hd.o(RESET) refers to startup_stm32f10x_hd.o(.text) for Reset_Handler
    startup_stm32f10x_hd.o(RESET) refers to stm32f10x_it.o(.text) for NMI_Handler
    startup_stm32f10x_hd.o(RESET) refers to main.o(.text) for USART1_IRQHandler
    startup_stm32f10x_hd.o(.text) refers to system_stm32f10x.o(.text) for SystemInit
    startup_stm32f10x_hd.o(.text) refers to entry.o(.ARM.Collect$$$$00000000) for __main
    system_stm32f10x.o(.text) refers to system_stm32f10x.o(.data) for SystemCoreClock
    stm32f10x_adc.o(.text) refers to stm32f10x_rcc.o(.text) for RCC_APB2PeriphResetCmd
    stm32f10x_bkp.o(.text) refers to stm32f10x_rcc.o(.text) for RCC_BackupResetCmd
    stm32f10x_can.o(.text) refers to stm32f10x_rcc.o(.text) for RCC_APB1PeriphResetCmd
    stm32f10x_cec.o(.text) refers to stm32f10x_rcc.o(.text) for RCC_APB1PeriphResetCmd
    stm32f10x_dac.o(.text) refers to stm32f10x_rcc.o(.text) for RCC_APB1PeriphResetCmd
    stm32f10x_gpio.o(.text) refers to stm32f10x_rcc.o(.text) for RCC_APB2PeriphResetCmd
    stm32f10x_i2c.o(.text) refers to stm32f10x_rcc.o(.text) for RCC_APB1PeriphResetCmd
    stm32f10x_pwr.o(.text) refers to stm32f10x_rcc.o(.text) for RCC_APB1PeriphResetCmd
    stm32f10x_rcc.o(.text) refers to stm32f10x_rcc.o(.data) for APBAHBPrescTable
    stm32f10x_spi.o(.text) refers to stm32f10x_rcc.o(.text) for RCC_APB2PeriphResetCmd
    stm32f10x_tim.o(.text) refers to stm32f10x_rcc.o(.text) for RCC_APB2PeriphResetCmd
    stm32f10x_usart.o(.text) refers to stm32f10x_rcc.o(.text) for RCC_APB2PeriphResetCmd
    stm32f10x_wwdg.o(.text) refers to stm32f10x_rcc.o(.text) for RCC_APB1PeriphResetCmd
    main.o(.text) refers to bsp_dac.o(.text) for DAC_Mode_Init
    main.o(.text) refers to _scanf_int.o(.text) for _scanf_int
    main.o(.text) refers to scanf_fp.o(.text) for _scanf_real
    main.o(.text) refers to bsp_usart.o(.text) for USART_Config
    main.o(.text) refers to stm32f10x_usart.o(.text) for USART_GetITStatus
    main.o(.text) refers to __0sscanf.o(.text) for __0sscanf
    main.o(.text) refers to f2d.o(.text) for __aeabi_f2d
    main.o(.text) refers to printfa.o(i.__0printf) for __2printf
    main.o(.text) refers to main.o(.data) for ucTemp
    main.o(.text) refers to main.o(.bss) for UART1_RX_BUF
    bsp_usart.o(.text) refers to misc.o(.text) for NVIC_PriorityGroupConfig
    bsp_usart.o(.text) refers to stm32f10x_rcc.o(.text) for RCC_APB2PeriphClockCmd
    bsp_usart.o(.text) refers to stm32f10x_gpio.o(.text) for GPIO_Init
    bsp_usart.o(.text) refers to stm32f10x_usart.o(.text) for USART_Init
    bsp_dac.o(.text) refers to stm32f10x_dma.o(.text) for DMA_Init
    bsp_dac.o(.text) refers to f2d.o(.text) for __aeabi_f2d
    bsp_dac.o(.text) refers to dflti.o(.text) for __aeabi_i2d
    bsp_dac.o(.text) refers to dmul.o(.text) for __aeabi_dmul
    bsp_dac.o(.text) refers to ddiv.o(.text) for __aeabi_ddiv
    bsp_dac.o(.text) refers to sin.o(i.sin) for sin
    bsp_dac.o(.text) refers to dadd.o(.text) for __aeabi_dadd
    bsp_dac.o(.text) refers to dfixui.o(.text) for __aeabi_d2uiz
    bsp_dac.o(.text) refers to ffixui.o(.text) for __aeabi_f2uiz
    bsp_dac.o(.text) refers to dfltui.o(.text) for __aeabi_ui2d
    bsp_dac.o(.text) refers to stm32f10x_tim.o(.text) for TIM_Cmd
    bsp_dac.o(.text) refers to stm32f10x_rcc.o(.text) for RCC_APB2PeriphClockCmd
    bsp_dac.o(.text) refers to stm32f10x_gpio.o(.text) for GPIO_Init
    bsp_dac.o(.text) refers to stm32f10x_dac.o(.text) for DAC_Init
    bsp_dac.o(.text) refers to bsp_dac.o(.data) for Sine12bit
    bsp_systick.o(.text) refers to system_stm32f10x.o(.data) for SystemCoreClock
    bsp_systick.o(.text) refers to bsp_systick.o(.data) for TimingDelay
    bsp_pwm.o(.text) refers to stm32f10x_tim.o(.text) for TIM_Cmd
    bsp_pwm.o(.text) refers to stm32f10x_rcc.o(.text) for RCC_APB1PeriphClockCmd
    bsp_pwm.o(.text) refers to stm32f10x_gpio.o(.text) for GPIO_Init
    sin.o(i.__softfp_sin) refers (Special) to iusefp.o(.text) for __I$use$fp
    sin.o(i.__softfp_sin) refers to sin.o(i.sin) for sin
    sin.o(i.sin) refers (Special) to iusefp.o(.text) for __I$use$fp
    sin.o(i.sin) refers to errno.o(i.__set_errno) for __set_errno
    sin.o(i.sin) refers to dunder.o(i.__mathlib_dbl_invalid) for __mathlib_dbl_invalid
    sin.o(i.sin) refers to dunder.o(i.__mathlib_dbl_infnan) for __mathlib_dbl_infnan
    sin.o(i.sin) refers to rred.o(i.__ieee754_rem_pio2) for __ieee754_rem_pio2
    sin.o(i.sin) refers to cos_i.o(i.__kernel_cos) for __kernel_cos
    sin.o(i.sin) refers to sin_i.o(i.__kernel_sin) for __kernel_sin
    sin_x.o(i.____softfp_sin$lsc) refers (Special) to iusefp.o(.text) for __I$use$fp
[...]
    printfa.o(i.__0fprintf) refers to bsp_usart.o(.text) for fputc
    printfa.o(i.__0printf) refers (Special) to iusefp.o(.text) for __I$use$fp
    printfa.o(i.__0printf) refers to printfa.o(i._printf_core) for _printf_core
    printfa.o(i.__0printf) refers to bsp_usart.o(.text) for fputc
    printfa.o(i.__0printf) refers to stdout.o(.data) for __stdout
    printfa.o(i.__0snprintf) refers (Special) to iusefp.o(.text) for __I$use$fp
    printfa.o(i.__0snprintf) refers to printfa.o(i._printf_core) for _printf_core
    printfa.o(i.__0snprintf) refers to printfa.o(i._snputc) for _snputc
    printfa.o(i.__0sprintf) refers (Special) to iusefp.o(.text) for __I$use$fp
    printfa.o(i.__0sprintf) refers to printfa.o(i._printf_core) for _printf_core
    printfa.o(i.__0sprintf) refers to printfa.o(i._sputc) for _sputc
    printfa.o(i.__0vfprintf) refers (Special) to iusefp.o(.text) for __I$use$fp
    printfa.o(i.__0vfprintf) refers to printfa.o(i._printf_core) for _printf_core
    printfa.o(i.__0vfprintf) refers to bsp_usart.o(.text) for fputc
    printfa.o(i.__0vprintf) refers (Special) to iusefp.o(.text) for __I$use$fp
    printfa.o(i.__0vprintf) refers to printfa.o(i._printf_core) for _printf_core
    printfa.o(i.__0vprintf) refers to bsp_usart.o(.text) for fputc
    printfa.o(i.__0vprintf) refers to stdout.o(.data) for __stdout
    printfa.o(i.__0vsnprintf) refers (Special) to iusefp.o(.text) for __I$use$fp
    printfa.o(i.__0vsnprintf) refers to printfa.o(i._printf_core) for _printf_core
    printfa.o(i.__0vsnprintf) refers to printfa.o(i._snputc) for _snputc
    printfa.o(i.__0vsprintf) refers (Special) to iusefp.o(.text) for __I$use$fp
    printfa.o(i.__0vsprintf) refers to printfa.o(i._printf_core) for _printf_core
    printfa.o(i.__0vsprintf) refers to printfa.o(i._sputc) for _sputc
    printfa.o(i._fp_digits) refers (Special) to iusefp.o(.text) for __I$use$fp
    printfa.o(i._fp_digits) refers to dmul.o(.text) for __aeabi_dmul
    printfa.o(i._fp_digits) refers to ddiv.o(.text) for __aeabi_ddiv
    printfa.o(i._fp_digits) refers to cdrcmple.o(.text) for __aeabi_cdrcmple
    printfa.o(i._fp_digits) refers to dadd.o(.text) for __aeabi_dadd
    printfa.o(i._fp_digits) refers to dfixul.o(.text) for __aeabi_d2ulz
    printfa.o(i._fp_digits) refers to uldiv.o(.text) for __aeabi_uldivmod
    printfa.o(i._printf_core) refers (Special) to iusefp.o(.text) for __I$use$fp
    printfa.o(i._printf_core) refers to printfa.o(i._printf_pre_padding) for _printf_pre_padding
    printfa.o(i._printf_core) refers to uldiv.o(.text) for __aeabi_uldivmod
    printfa.o(i._printf_core) refers to printfa.o(i._printf_post_padding) for _printf_post_padding
    printfa.o(i._printf_core) refers to printfa.o(i._fp_digits) for _fp_digits
    printfa.o(i._printf_core) refers to uidiv.o(.text) for __aeabi_uidivmod
    printfa.o(i._printf_post_padding) refers (Special) to iusefp.o(.text) for __I$use$fp
    printfa.o(i._printf_pre_padding) refers (Special) to iusefp.o(.text) for __I$use$fp
    printfa.o(i._snputc) refers (Special) to iusefp.o(.text) for __I$use$fp
    printfa.o(i._sputc) refers (Special) to iusefp.o(.text) for __I$use$fp
    __0sscanf.o(.text) refers to scanf_char.o(.text) for __vfscanf_char
    __0sscanf.o(.text) refers to _sgetc.o(.text) for _sgetc
    _scanf_int.o(.text) refers to _chval.o(.text) for _chval
    scanf_fp.o(.text) refers (Special) to iusefp.o(.text) for __I$use$fp
    scanf_fp.o(.text) refers to dfltul.o(.text) for __aeabi_ul2d
    scanf_fp.o(.text) refers to dmul.o(.text) for __aeabi_dmul
    scanf_fp.o(.text) refers to ddiv.o(.text) for __aeabi_ddiv
    scanf_fp.o(.text) refers to scanf_fp.o(i._is_digit) for _is_digit
    scanf_fp.o(.text) refers to d2f.o(.text) for __aeabi_d2f
    dadd.o(.text) refers (Special) to iusefp.o(.text) for __I$use$fp
    dadd.o(.text) refers to llshl.o(.text) for __aeabi_llsl
    dadd.o(.text) refers to llsshr.o(.text) for __aeabi_lasr
    dadd.o(.text) refers to depilogue.o(.text) for _double_epilogue
    dmul.o(.text) refers (Special) to iusefp.o(.text) for __I$use$fp
    dmul.o(.text) refers to depilogue.o(.text) for _double_epilogue
    ddiv.o(.text) refers (Special) to iusefp.o(.text) for __I$use$fp
    ddiv.o(.text) refers to depilogue.o(.text) for _double_round
    dflti.o(.text) refers (Special) to iusefp.o(.text) for __I$use$fp
    dflti.o(.text) refers to depilogue.o(.text) for _double_epilogue
    dfltui.o(.text) refers (Special) to iusefp.o(.text) for __I$use$fp
    dfltui.o(.text) refers to depilogue.o(.text) for _double_epilogue
    ffixui.o(.text) refers (Special) to iusefp.o(.text) for __I$use$fp
    dfixui.o(.text) refers (Special) to iusefp.o(.text) for __I$use$fp
    dfixui.o(.text) refers to llushr.o(.text) for __aeabi_llsr
    f2d.o(.text) refers (Special) to iusefp.o(.text) for __I$use$fp
    cos_i.o(i.__kernel_cos) refers (Special) to iusefp.o(.text) for __I$use$fp
    cos_i.o(i.__kernel_cos) refers to dfixi.o(.text) for __aeabi_d2iz
    cos_i.o(i.__kernel_cos) refers to dmul.o(.text) for __aeabi_dmul
    cos_i.o(i.__kernel_cos) refers to poly.o(i.__kernel_poly) for __kernel_poly
    cos_i.o(i.__kernel_cos) refers to dadd.o(.text) for __aeabi_dsub
    cos_i.o(i.__kernel_cos) refers to dscalb.o(.text) for __ARM_scalbn
    cos_i.o(i.__kernel_cos) refers to cos_i.o(.constdata) for .constdata
    cos_i.o(.constdata) refers (Special) to iusefp.o(.text) for __I$use$fp
    dunder.o(i.__mathlib_dbl_divzero) refers to ddiv.o(.text) for __aeabi_ddiv
    dunder.o(i.__mathlib_dbl_infnan) refers to dscalb.o(.text) for __ARM_scalbn
    dunder.o(i.__mathlib_dbl_infnan2) refers to dadd.o(.text) for __aeabi_dadd
    dunder.o(i.__mathlib_dbl_invalid) refers to ddiv.o(.text) for __aeabi_ddiv
    dunder.o(i.__mathlib_dbl_overflow) refers to dscalb.o(.text) for __ARM_scalbn
    dunder.o(i.__mathlib_dbl_posinfnan) refers to dmul.o(.text) for __aeabi_dmul
    dunder.o(i.__mathlib_dbl_underflow) refers to dscalb.o(.text) for __ARM_scalbn
    rred.o(i.__ieee754_rem_pio2) refers (Special) to iusefp.o(.text) for __I$use$fp
    rred.o(i.__ieee754_rem_pio2) refers to dadd.o(.text) for __aeabi_dsub
    rred.o(i.__ieee754_rem_pio2) refers to dmul.o(.text) for __aeabi_dmul
    rred.o(i.__ieee754_rem_pio2) refers to dfixi.o(.text) for __aeabi_d2iz
    rred.o(i.__ieee754_rem_pio2) refers to dflti.o(.text) for __aeabi_i2d
    rred.o(i.__ieee754_rem_pio2) refers to dfltui.o(.text) for __aeabi_ui2d
    rred.o(i.__ieee754_rem_pio2) refers to dscalb.o(.text) for __ARM_scalbn
    rred.o(i.__ieee754_rem_pio2) refers to rred.o(.constdata) for .constdata
    rred.o(i.__use_accurate_range_reduction) refers (Special) to iusefp.o(.text) for __I$use$fp
    rred.o(.constdata) refers (Special) to iusefp.o(.text) for __I$use$fp
    sin_i.o(i.__kernel_sin) refers (Special) to iusefp.o(.text) for __I$use$fp
    sin_i.o(i.__kernel_sin) refers to fpclassify.o(i.__ARM_fpclassify) for __ARM_fpclassify
    sin_i.o(i.__kernel_sin) refers to dunder.o(i.__mathlib_dbl_underflow) for __mathlib_dbl_underflow
    sin_i.o(i.__kernel_sin) refers to dmul.o(.text) for __aeabi_dmul
    sin_i.o(i.__kernel_sin) refers to poly.o(i.__kernel_poly) for __kernel_poly
    sin_i.o(i.__kernel_sin) refers to dscalb.o(.text) for __ARM_scalbn
    sin_i.o(i.__kernel_sin) refers to dadd.o(.text) for __aeabi_dsub
    sin_i.o(i.__kernel_sin) refers to sin_i.o(.constdata) for .constdata
    sin_i.o(.constdata) refers (Special) to iusefp.o(.text) for __I$use$fp
    sin_i_x.o(i.____kernel_sin$lsc) refers (Special) to iusefp.o(.text) for __I$use$fp
    sin_i_x.o(i.____kernel_sin$lsc) refers to dmul.o(.text) for __aeabi_dmul
    sin_i_x.o(i.____kernel_sin$lsc) refers to poly.o(i.__kernel_poly) for __kernel_poly
    sin_i_x.o(i.____kernel_sin$lsc) refers to dscalb.o(.text) for __ARM_scalbn
    sin_i_x.o(i.____kernel_sin$lsc) refers to dadd.o(.text) for __aeabi_dsub
    sin_i_x.o(i.____kernel_sin$lsc) refers to sin_i_x.o(.constdata) for .constdata
    sin_i_x.o(.constdata) refers (Special) to iusefp.o(.text) for __I$use$fp
    entry2.o(.ARM.Collect$$$$00000001) refers to entry2.o(.ARM.Collect$$$$00002712) for __lit__00000000
    entry2.o(.ARM.Collect$$$$00002712) refers to startup_stm32f10x_hd.o(STACK) for __initial_sp
    entry2.o(__vectab_stack_and_reset_area) refers to startup_stm32f10x_hd.o(STACK) for __initial_sp
    entry2.o(__vectab_stack_and_reset_area) refers to entry.o(.ARM.Collect$$$$00000000) for __main
    entry5.o(.ARM.Collect$$$$00000004) refers to init.o(.text) for __scatterload
    entry9a.o(.ARM.Collect$$$$0000000B) refers to main.o(.text) for main
    entry9b.o(.ARM.Collect$$$$0000000C) refers to main.o(.text) for main
    uldiv.o(.text) refers to llushr.o(.text) for __aeabi_llsr
    uldiv.o(.text) refers to llshl.o(.text) for __aeabi_llsl
    errno.o(i.__aeabi_errno_addr) refers to errno.o(.data) for .data
    errno.o(i.__read_errno) refers to errno.o(.data) for .data
    errno.o(i.__set_errno) refers to errno.o(.data) for .data
    scanf_char.o(.text) refers to _scanf.o(.text) for __vfscanf
    scanf_char.o(.text) refers to isspace_c.o(.text) for isspace
    depilogue.o(.text) refers to llshl.o(.text) for __aeabi_llsl
    depilogue.o(.text) refers to llushr.o(.text) for __aeabi_llsr
    dfltul.o(.text) refers to depilogue.o(.text) for _double_epilogue
    dfixul.o(.text) refers to llushr.o(.text) for __aeabi_llsr
    dfixul.o(.text) refers to llshl.o(.text) for __aeabi_llsl
    d2f.o(.text) refers to fepilogue.o(.text) for _float_round
    fpclassify.o(i.__ARM_fpclassify) refers (Special) to iusefp.o(.text) for __I$use$fp
    poly.o(i.__kernel_poly) refers (Special) to iusefp.o(.text) for __I$use$fp
    poly.o(i.__kernel_poly) refers to dmul.o(.text) for __aeabi_dmul
    poly.o(i.__kernel_poly) refers to dadd.o(.text) for __aeabi_dadd
    init.o(.text) refers to entry5.o(.ARM.Collect$$$$00000004) for __main_after_scatterload
    isspace_c.o(.text) refers to ctype_c.o(.text) for __ctype_lookup
    _scanf.o(.text) refers (Weak) to scanf_fp.o(.text) for _scanf_real
    _scanf.o(.text) refers (Weak) to _scanf_int.o(.text) for _scanf_int
    dfixi.o(.text) refers to llushr.o(.text) for __aeabi_llsr
    ctype_c.o(.text) refers to ctype_c.o(.constdata) for .constdata
    scanf_fp.o(i._is_digit) refers (Special) to iusefp.o(.text) for __I$use$fp


==============================================================================

Removing Unused input sections from the image.

    Removing startup_stm32f10x_hd.o(HEAP), (512 bytes).
    Removing core_cm3.o(.emb_text), (32 bytes).
    Removing stm32f10x_adc.o(.text), (1102 bytes).
    Removing stm32f10x_bkp.o(.text), (196 bytes).
    Removing stm32f10x_can.o(.text), (2544 bytes).
    Removing stm32f10x_cec.o(.text), (288 bytes).
    Removing stm32f10x_crc.o(.text), (72 bytes).
    Removing stm32f10x_dbgmcu.o(.text), (48 bytes).
    Removing stm32f10x_exti.o(.text), (284 bytes).
    Removing stm32f10x_flash.o(.text), (1468 bytes).
    Removing stm32f10x_fsmc.o(.text), (1548 bytes).
    Removing stm32f10x_i2c.o(.text), (1028 bytes).
    Removing stm32f10x_iwdg.o(.text), (64 bytes).
    Removing stm32f10x_pwr.o(.text), (204 bytes).
    Removing stm32f10x_rtc.o(.text), (328 bytes).
    Removing stm32f10x_sdio.o(.text), (468 bytes).
    Removing stm32f10x_spi.o(.text), (780 bytes).
    Removing stm32f10x_wwdg.o(.text), (136 bytes).
    Removing bsp_systick.o(.text), (312 bytes).
    Removing bsp_systick.o(.data), (4 bytes).
    Removing bsp_pwm.o(.text), (200 bytes).

21 unused section(s) (total 11618 bytes) removed from the image.

==============================================================================

Image Symbol Table

    Local Symbols

    Symbol Name                              Value     Ov Type        Size  Object(Section)

    ../clib/../cmprslib/lz77c.c              0x00000000   Number         0  __dclz77c.o ABSOLUTE
    ../clib/microlib/ctype/ctype.c           0x00000000   Number         0  ctype_c.o ABSOLUTE
    ../clib/microlib/ctype/ctype.c           0x00000000   Number         0  isspace_c.o ABSOLUTE
    ../clib/microlib/division.c              0x00000000   Number         0  uldiv.o ABSOLUTE
    ../clib/microlib/division.c              0x00000000   Number         0  uidiv.o ABSOLUTE
    ../clib/microlib/errno.c                 0x00000000   Number         0  errno.o ABSOLUTE
    ../clib/microlib/init/entry.s            0x00000000   Number         0  entry8a.o ABSOLUTE
    ../clib/microlib/init/entry.s            0x00000000   Number         0  entry12a.o ABSOLUTE
    ../clib/microlib/init/entry.s            0x00000000   Number         0  entry11b.o ABSOLUTE
    ../clib/microlib/init/entry.s            0x00000000   Number         0  entry7b.o ABSOLUTE
    ../clib/microlib/init/entry.s            0x00000000   Number         0  entry5.o ABSOLUTE
    ../clib/microlib/init/entry.s            0x00000000   Number         0  entry11a.o ABSOLUTE
    ../clib/microlib/init/entry.s            0x00000000   Number         0  entry7a.o ABSOLUTE
    ../clib/microlib/init/entry.s            0x00000000   Number         0  entry10b.o ABSOLUTE
    ../clib/microlib/init/entry.s            0x00000000   Number         0  entry.o ABSOLUTE
    ../clib/microlib/init/entry.s            0x00000000   Number         0  entry9b.o ABSOLUTE
    ../clib/microlib/init/entry.s            0x00000000   Number         0  entry9a.o ABSOLUTE
    ../clib/microlib/init/entry.s            0x00000000   Number         0  entry2.o ABSOLUTE
    ../clib/microlib/init/entry.s            0x00000000   Number         0  entry8b.o ABSOLUTE
    ../clib/microlib/init/entry.s            0x00000000   Number         0  entry10a.o ABSOLUTE
    ../clib/microlib/init/entry.s            0x00000000   Number         0  entry12b.o ABSOLUTE
    ../clib/microlib/longlong.c              0x00000000   Number         0  llushr.o ABSOLUTE
    ../clib/microlib/longlong.c              0x00000000   Number         0  llsshr.o ABSOLUTE
    ../clib/microlib/longlong.c              0x00000000   Number         0  llshl.o ABSOLUTE
    ../clib/microlib/printf/printf.c         0x00000000   Number         0  printf4.o ABSOLUTE
    ../clib/microlib/printf/printf.c         0x00000000   Number         0  printf2.o ABSOLUTE
    ../clib/microlib/printf/printf.c         0x00000000   Number         0  printfa.o ABSOLUTE
    ../clib/microlib/printf/printf.c         0x00000000   Number         0  printf8.o ABSOLUTE
    ../clib/microlib/printf/printf.c         0x00000000   Number         0  printf7.o ABSOLUTE
    ../clib/microlib/printf/printf.c         0x00000000   Number         0  printf6.o ABSOLUTE
    ../clib/microlib/printf/printf.c         0x00000000   Number         0  printf1.o ABSOLUTE
    ../clib/microlib/printf/printf.c         0x00000000   Number         0  printf0.o ABSOLUTE
    ../clib/microlib/printf/printf.c         0x00000000   Number         0  printfb.o ABSOLUTE
    ../clib/microlib/printf/printf.c         0x00000000   Number         0  printf5.o ABSOLUTE
    ../clib/microlib/printf/printf.c         0x00000000   Number         0  printf3.o ABSOLUTE
    ../clib/microlib/printf/stubs.s          0x00000000   Number         0  stubs.o ABSOLUTE
    ../clib/microlib/stdio/streams.c         0x00000000   Number         0  stdout.o ABSOLUTE
    ../clib/microlib/stubs.s                 0x00000000   Number         0  iusefp.o ABSOLUTE
    ../clib/scanf.c                          0x00000000   Number         0  __0sscanf.o ABSOLUTE
    ../clib/scanf.c                          0x00000000   Number         0  scanf_char.o ABSOLUTE
    ../clib/scanf.c                          0x00000000   Number         0  _chval.o ABSOLUTE
    ../clib/scanf.c                          0x00000000   Number         0  _scanf_int.o ABSOLUTE
    ../clib/scanf.c                          0x00000000   Number         0  _sgetc.o ABSOLUTE
    ../clib/scanf.c                          0x00000000   Number         0  scanf_fp.o ABSOLUTE
    ../clib/scanf.c                          0x00000000   Number         0  _scanf.o ABSOLUTE
    ../fplib/microlib/d2f.c                  0x00000000   Number         0  d2f.o ABSOLUTE
    ../fplib/microlib/f2d.c                  0x00000000   Number         0  f2d.o ABSOLUTE
    ../fplib/microlib/fpadd.c                0x00000000   Number         0  dadd.o ABSOLUTE
    ../fplib/microlib/fpdiv.c                0x00000000   Number         0  ddiv.o ABSOLUTE
    ../fplib/microlib/fpepilogue.c           0x00000000   Number         0  depilogue.o ABSOLUTE
    ../fplib/microlib/fpepilogue.c           0x00000000   Number         0  fepilogue.o ABSOLUTE
    ../fplib/microlib/fpfix.c                0x00000000   Number         0  dfixi.o ABSOLUTE
    ../fplib/microlib/fpfix.c                0x00000000   Number         0  dfixul.o ABSOLUTE
    ../fplib/microlib/fpfix.c                0x00000000   Number         0  ffixui.o ABSOLUTE
    ../fplib/microlib/fpfix.c                0x00000000   Number         0  dfixui.o ABSOLUTE
    ../fplib/microlib/fpflt.c                0x00000000   Number         0  dfltui.o ABSOLUTE
    ../fplib/microlib/fpflt.c                0x00000000   Number         0  dfltul.o ABSOLUTE
    ../fplib/microlib/fpflt.c                0x00000000   Number         0  dflti.o ABSOLUTE
    ../fplib/microlib/fpmul.c                0x00000000   Number         0  dmul.o ABSOLUTE
    ../fplib/microlib/fpscalb.c              0x00000000   Number         0  dscalb.o ABSOLUTE
    ../mathlib/cos_i.c                       0x00000000   Number         0  cos_i.o ABSOLUTE
    ../mathlib/dunder.c                      0x00000000   Number         0  dunder.o ABSOLUTE
    ../mathlib/fpclassify.c                  0x00000000   Number         0  fpclassify.o ABSOLUTE
    ../mathlib/poly.c                        0x00000000   Number         0  poly.o ABSOLUTE
    ../mathlib/rred.c                        0x00000000   Number         0  rred.o ABSOLUTE
    ../mathlib/sin.c                         0x00000000   Number         0  sin.o ABSOLUTE
    ../mathlib/sin.c                         0x00000000   Number         0  sin_x.o ABSOLUTE
    ../mathlib/sin_i.c                       0x00000000   Number         0  sin_i.o ABSOLUTE
    ../mathlib/sin_i.c                       0x00000000   Number         0  sin_i_x.o ABSOLUTE
    ..\..\Libraries\CMSIS\core_cm3.c         0x00000000   Number         0  core_cm3.o ABSOLUTE
    ..\..\Libraries\CMSIS\startup\startup_stm32f10x_hd.s 0x00000000   Number         0  startup_stm32f10x_hd.o ABSOLUTE
    ..\..\Libraries\CMSIS\system_stm32f10x.c 0x00000000   Number         0  system_stm32f10x.o ABSOLUTE
    ..\..\Libraries\FWlib\src\misc.c         0x00000000   Number         0  misc.o ABSOLUTE
    ..\..\Libraries\FWlib\src\stm32f10x_adc.c 0x00000000   Number         0  stm32f10x_adc.o ABSOLUTE
    ..\..\Libraries\FWlib\src\stm32f10x_bkp.c 0x00000000   Number         0  stm32f10x_bkp.o ABSOLUTE
    ..\..\Libraries\FWlib\src\stm32f10x_can.c 0x00000000   Number         0  stm32f10x_can.o ABSOLUTE
    ..\..\Libraries\FWlib\src\stm32f10x_cec.c 0x00000000   Number         0  stm32f10x_cec.o ABSOLUTE
    ..\..\Libraries\FWlib\src\stm32f10x_crc.c 0x00000000   Number         0  stm32f10x_crc.o ABSOLUTE
    ..\..\Libraries\FWlib\src\stm32f10x_dac.c 0x00000000   Number         0  stm32f10x_dac.o ABSOLUTE
    ..\..\Libraries\FWlib\src\stm32f10x_dbgmcu.c 0x00000000   Number         0  stm32f10x_dbgmcu.o ABSOLUTE
    ..\..\Libraries\FWlib\src\stm32f10x_dma.c 0x00000000   Number         0  stm32f10x_dma.o ABSOLUTE
    ..\..\Libraries\FWlib\src\stm32f10x_exti.c 0x00000000   Number         0  stm32f10x_exti.o ABSOLUTE
    ..\..\Libraries\FWlib\src\stm32f10x_flash.c 0x00000000   Number         0  stm32f10x_flash.o ABSOLUTE
    ..\..\Libraries\FWlib\src\stm32f10x_fsmc.c 0x00000000   Number         0  stm32f10x_fsmc.o ABSOLUTE
    ..\..\Libraries\FWlib\src\stm32f10x_gpio.c 0x00000000   Number         0  stm32f10x_gpio.o ABSOLUTE
    ..\..\Libraries\FWlib\src\stm32f10x_i2c.c 0x00000000   Number         0  stm32f10x_i2c.o ABSOLUTE
    ..\..\Libraries\FWlib\src\stm32f10x_iwdg.c 0x00000000   Number         0  stm32f10x_iwdg.o ABSOLUTE
    ..\..\Libraries\FWlib\src\stm32f10x_pwr.c 0x00000000   Number         0  stm32f10x_pwr.o ABSOLUTE
    ..\..\Libraries\FWlib\src\stm32f10x_rcc.c 0x00000000   Number         0  stm32f10x_rcc.o ABSOLUTE
    ..\..\Libraries\FWlib\src\stm32f10x_rtc.c 0x00000000   Number         0  stm32f10x_rtc.o ABSOLUTE
    ..\..\Libraries\FWlib\src\stm32f10x_sdio.c 0x00000000   Number         0  stm32f10x_sdio.o ABSOLUTE
    ..\..\Libraries\FWlib\src\stm32f10x_spi.c 0x00000000   Number         0  stm32f10x_spi.o ABSOLUTE
    ..\..\Libraries\FWlib\src\stm32f10x_tim.c 0x00000000   Number         0  stm32f10x_tim.o ABSOLUTE
    ..\..\Libraries\FWlib\src\stm32f10x_usart.c 0x00000000   Number         0  stm32f10x_usart.o ABSOLUTE
    ..\..\Libraries\FWlib\src\stm32f10x_wwdg.c 0x00000000   Number         0  stm32f10x_wwdg.o ABSOLUTE
    ..\..\User\SysTick\bsp_SysTick.c         0x00000000   Number         0  bsp_systick.o ABSOLUTE
    ..\..\User\dac\bsp_dac.c                 0x00000000   Number         0  bsp_dac.o ABSOLUTE
    ..\..\User\main.c                        0x00000000   Number         0  main.o ABSOLUTE
    ..\..\User\pwm\bsp_pwm.c                 0x00000000   Number         0  bsp_pwm.o ABSOLUTE
    ..\..\User\stm32f10x_it.c                0x00000000   Number         0  stm32f10x_it.o ABSOLUTE
    ..\..\User\usart\bsp_usart.c             0x00000000   Number         0  bsp_usart.o ABSOLUTE
    ..\\..\\Libraries\\CMSIS\\core_cm3.c     0x00000000   Number         0  core_cm3.o ABSOLUTE
    cdrcmple.s                               0x00000000   Number         0  cdrcmple.o ABSOLUTE
    dc.s                                     0x00000000   Number         0  dc.o ABSOLUTE
    handlers.s                               0x00000000   Number         0  handlers.o ABSOLUTE
    init.s                                   0x00000000   Number         0  init.o ABSOLUTE
    RESET                                    0x08000000   Section      304  startup_stm32f10x_hd.o(RESET)
    .ARM.Collect$$$$00000000                 0x08000130   Section        0  entry.o(.ARM.Collect$$$$00000000)
    .ARM.Collect$$$$00000001                 0x08000130   Section        4  entry2.o(.ARM.Collect$$$$00000001)
    .ARM.Collect$$$$00000004                 0x08000134   Section        4  entry5.o(.ARM.Collect$$$$00000004)
    .ARM.Collect$$$$00000008                 0x08000138   Section        0  entry7b.o(.ARM.Collect$$$$00000008)
    .ARM.Collect$$$$0000000A                 0x08000138   Section        0  entry8b.o(.ARM.Collect$$$$0000000A)
    .ARM.Collect$$$$0000000B                 0x08000138   Section        8  entry9a.o(.ARM.Collect$$$$0000000B)
    .ARM.Collect$$$$0000000E                 0x08000140   Section        4  entry12b.o(.ARM.Collect$$$$0000000E)
    .ARM.Collect$$$$0000000F                 0x08000144   Section        0  entry10a.o(.ARM.Collect$$$$0000000F)
    .ARM.Collect$$$$00000011                 0x08000144   Section        0  entry11a.o(.ARM.Collect$$$$00000011)
    .ARM.Collect$$$$00002712                 0x08000144   Section        4  entry2.o(.ARM.Collect$$$$00002712)
    __lit__00000000                          0x08000144   Data           4  entry2.o(.ARM.Collect$$$$00002712)
    .text                                    0x08000148   Section       36  startup_stm32f10x_hd.o(.text)
    .text                                    0x0800016c   Section        0  system_stm32f10x.o(.text)
    SetSysClockTo72                          0x0800016d   Thumb Code   214  system_stm32f10x.o(.text)
    SetSysClock                              0x08000243   Thumb Code     8  system_stm32f10x.o(.text)
    .text                                    0x0800034c   Section        0  misc.o(.text)
    .text                                    0x08000428   Section        0  stm32f10x_dac.o(.text)
    .text                                    0x080005b4   Section        0  stm32f10x_dma.o(.text)
    .text                                    0x08000808   Section        0  stm32f10x_gpio.o(.text)
    .text                                    0x08000b64   Section        0  stm32f10x_rcc.o(.text)
    .text                                    0x08000f08   Section        0  stm32f10x_tim.o(.text)
    TI4_Config                               0x080013af   Thumb Code   130  stm32f10x_tim.o(.text)
    TI3_Config                               0x08001443   Thumb Code   122  stm32f10x_tim.o(.text)
    TI2_Config                               0x080014d7   Thumb Code   130  stm32f10x_tim.o(.text)
    TI1_Config                               0x0800156b   Thumb Code   108  stm32f10x_tim.o(.text)
    .text                                    0x08001d24   Section        0  stm32f10x_usart.o(.text)
    .text                                    0x0800212c   Section        0  main.o(.text)
    .text                                    0x08002320   Section        0  stm32f10x_it.o(.text)
    .text                                    0x0800233c   Section        0  bsp_usart.o(.text)
    NVIC_Configuration                       0x0800233d   Thumb Code    38  bsp_usart.o(.text)
    .text                                    0x080024e0   Section        0  bsp_dac.o(.text)
    .text                                    0x080028a0   Section        0  __0sscanf.o(.text)
    .text                                    0x080028d8   Section        0  _scanf_int.o(.text)
    .text                                    0x08002a24   Section        0  scanf_fp.o(.text)
    _fp_value                                0x08002a25   Thumb Code   296  scanf_fp.o(.text)
    .text                                    0x08002d84   Section        0  dadd.o(.text)
    .text                                    0x08002ed2   Section        0  dmul.o(.text)
    .text                                    0x08002fb6   Section        0  ddiv.o(.text)
    .text                                    0x08003094   Section        0  dflti.o(.text)
    .text                                    0x080030b6   Section        0  dfltui.o(.text)
    .text                                    0x080030d0   Section        0  ffixui.o(.text)
    .text                                    0x080030f8   Section        0  dfixui.o(.text)
    .text                                    0x0800312a   Section        0  f2d.o(.text)
    .text                                    0x08003150   Section        0  uidiv.o(.text)
    .text                                    0x0800317c   Section        0  uldiv.o(.text)
    .text                                    0x080031de   Section        0  llshl.o(.text)
    .text                                    0x080031fc   Section        0  llushr.o(.text)
    .text                                    0x0800321c   Section        0  llsshr.o(.text)
    .text                                    0x08003240   Section        0  _chval.o(.text)
    .text                                    0x0800325c   Section        0  scanf_char.o(.text)
    _scanf_char_input                        0x0800325d   Thumb Code    12  scanf_char.o(.text)
    .text                                    0x08003284   Section        0  _sgetc.o(.text)
    .text                                    0x080032c4   Section        0  iusefp.o(.text)
    .text                                    0x080032c4   Section        0  depilogue.o(.text)
    .text                                    0x0800337e   Section        0  dfltul.o(.text)
    .text                                    0x08003396   Section        0  dfixul.o(.text)
    .text                                    0x080033c8   Section       48  cdrcmple.o(.text)
    .text                                    0x080033f8   Section        0  d2f.o(.text)
    .text                                    0x08003430   Section       36  init.o(.text)
    .text                                    0x08003454   Section        0  isspace_c.o(.text)
    .text                                    0x08003460   Section        0  _scanf.o(.text)
    .text                                    0x08003790   Section        0  fepilogue.o(.text)
    .text                                    0x080037fe   Section        0  dscalb.o(.text)
    .text                                    0x0800382c   Section        0  dfixi.o(.text)
    .text                                    0x0800386c   Section        0  ctype_c.o(.text)
    .text                                    0x08003894   Section        0  __dclz77c.o(.text)
    i.__0printf                              0x080038f4   Section        0  printfa.o(i.__0printf)
    i.__ARM_fpclassify                       0x08003914   Section        0  fpclassify.o(i.__ARM_fpclassify)
    i.__ieee754_rem_pio2                     0x0800393c   Section        0  rred.o(i.__ieee754_rem_pio2)
    i.__kernel_cos                           0x08003cc4   Section        0  cos_i.o(i.__kernel_cos)
    i.__kernel_poly                          0x08003dc0   Section        0  poly.o(i.__kernel_poly)
    i.__kernel_sin                           0x08003e6c   Section        0  sin_i.o(i.__kernel_sin)
    i.__mathlib_dbl_infnan                   0x08003f58   Section        0  dunder.o(i.__mathlib_dbl_infnan)
    i.__mathlib_dbl_invalid                  0x08003f5e   Section        0  dunder.o(i.__mathlib_dbl_invalid)
    i.__mathlib_dbl_underflow                0x08003f6c   Section        0  dunder.o(i.__mathlib_dbl_underflow)
    i.__scatterload_copy                     0x08003f7c   Section       14  handlers.o(i.__scatterload_copy)
    i.__scatterload_null                     0x08003f8a   Section        2  handlers.o(i.__scatterload_null)
    i.__scatterload_zeroinit                 0x08003f8c   Section       14  handlers.o(i.__scatterload_zeroinit)
    i.__set_errno                            0x08003f9c   Section        0  errno.o(i.__set_errno)
    i._fp_digits                             0x08003fa8   Section        0  printfa.o(i._fp_digits)
    _fp_digits                               0x08003fa9   Thumb Code   366  printfa.o(i._fp_digits)
    i._is_digit                              0x0800412c   Section        0  scanf_fp.o(i._is_digit)
    i._printf_core                           0x0800413c   Section        0  printfa.o(i._printf_core)
    _printf_core                             0x0800413d   Thumb Code  1704  printfa.o(i._printf_core)
    i._printf_post_padding                   0x080047f0   Section        0  printfa.o(i._printf_post_padding)
    _printf_post_padding                     0x080047f1   Thumb Code    36  printfa.o(i._printf_post_padding)
    i._printf_pre_padding                    0x08004814   Section        0  printfa.o(i._printf_pre_padding)
    _printf_pre_padding                      0x08004815   Thumb Code    46  printfa.o(i._printf_pre_padding)
    i.sin                                    0x08004844   Section        0  sin.o(i.sin)
    .constdata                               0x080048e8   Section       48  cos_i.o(.constdata)
    C                                        0x080048e8   Data          48  cos_i.o(.constdata)
    .constdata                               0x08004918   Section      200  rred.o(.constdata)
    pio2s                                    0x08004918   Data          48  rred.o(.constdata)
    twooverpi                                0x08004948   Data         152  rred.o(.constdata)
    .constdata                               0x080049e0   Section       40  sin_i.o(.constdata)
    S                                        0x080049e0   Data          40  sin_i.o(.constdata)
    .constdata                               0x08004a08   Section       64  ctype_c.o(.constdata)
    .data                                    0x20000000   Section       20  system_stm32f10x.o(.data)
    .data                                    0x20000014   Section       20  stm32f10x_rcc.o(.data)
    APBAHBPrescTable                         0x20000014   Data          16  stm32f10x_rcc.o(.data)
    ADCPrescTable                            0x20000024   Data           4  stm32f10x_rcc.o(.data)
    .data                                    0x20000028   Section       16  main.o(.data)
    .data                                    0x20000038   Section      768  bsp_dac.o(.data)
    .data                                    0x20000338   Section        4  stdout.o(.data)
    .data                                    0x2000033c   Section        4  errno.o(.data)
    _errno                                   0x2000033c   Data           4  errno.o(.data)
    .bss                                     0x20000340   Section      136  main.o(.bss)
    STACK                                    0x200003c8   Section     1024  startup_stm32f10x_hd.o(STACK)

    Global Symbols

    Symbol Name                              Value     Ov Type        Size  Object(Section)

    BuildAttributes$$THM_ISAv4$P$D$K$B$S$PE$A:L22UL41UL21$X:L11$S22US41US21$IEEE1$IW$USESV6$~STKCKD$USESV7$~SHL$OTIME$ROPI$IEEEX$EBA8$MICROLIB$REQ8$PRES8$EABIv2 0x00000000   Number         0  anon$$obj.o ABSOLUTE
    __ARM_use_no_argv                        0x00000000   Number         0  main.o ABSOLUTE
    _printf_a                                0x00000000   Number         0  stubs.o ABSOLUTE
    _printf_c                                0x00000000   Number         0  stubs.o ABSOLUTE
    _printf_charcount                        0x00000000   Number         0  stubs.o ABSOLUTE
    _printf_d                                0x00000000   Number         0  stubs.o ABSOLUTE
    _printf_e                                0x00000000   Number         0  stubs.o ABSOLUTE
    _printf_f                                0x00000000   Number         0  stubs.o ABSOLUTE
    _printf_flags                            0x00000000   Number         0  stubs.o ABSOLUTE
    _printf_fp_dec                           0x00000000   Number         0  stubs.o ABSOLUTE
    _printf_fp_hex                           0x00000000   Number         0  stubs.o ABSOLUTE
    _printf_g                                0x00000000   Number         0  stubs.o ABSOLUTE
    _printf_i                                0x00000000   Number         0  stubs.o ABSOLUTE
    _printf_int_dec                          0x00000000   Number         0  stubs.o ABSOLUTE
    _printf_l                                0x00000000   Number         0  stubs.o ABSOLUTE
    _printf_lc                               0x00000000   Number         0  stubs.o ABSOLUTE
    _printf_ll                               0x00000000   Number         0  stubs.o ABSOLUTE
    _printf_lld                              0x00000000   Number         0  stubs.o ABSOLUTE
    _printf_lli                              0x00000000   Number         0  stubs.o ABSOLUTE
    _printf_llo                              0x00000000   Number         0  stubs.o ABSOLUTE
    _printf_llu                              0x00000000   Number         0  stubs.o ABSOLUTE
    _printf_llx                              0x00000000   Number         0  stubs.o ABSOLUTE
    _printf_longlong_dec                     0x00000000   Number         0  stubs.o ABSOLUTE
    _printf_longlong_hex                     0x00000000   Number         0  stubs.o ABSOLUTE
    _printf_longlong_oct                     0x00000000   Number         0  stubs.o ABSOLUTE
    _printf_ls                               0x00000000   Number         0  stubs.o ABSOLUTE
    _printf_mbtowc                           0x00000000   Number         0  stubs.o ABSOLUTE
    _printf_n                                0x00000000   Number         0  stubs.o ABSOLUTE
    _printf_o                                0x00000000   Number         0  stubs.o ABSOLUTE
    _printf_p                                0x00000000   Number         0  stubs.o ABSOLUTE
    _printf_percent                          0x00000000   Number         0  stubs.o ABSOLUTE
    _printf_pre_padding                      0x00000000   Number         0  stubs.o ABSOLUTE
    _printf_return_value                     0x00000000   Number         0  stubs.o ABSOLUTE
    _printf_s                                0x00000000   Number         0  stubs.o ABSOLUTE
    _printf_sizespec                         0x00000000   Number         0  stubs.o ABSOLUTE
    _printf_str                              0x00000000   Number         0  stubs.o ABSOLUTE
    _printf_truncate_signed                  0x00000000   Number         0  stubs.o ABSOLUTE
    _printf_truncate_unsigned                0x00000000   Number         0  stubs.o ABSOLUTE
    _printf_u                                0x00000000   Number         0  stubs.o ABSOLUTE
    _printf_wc                               0x00000000   Number         0  stubs.o ABSOLUTE
    _printf_wctomb                           0x00000000   Number         0  stubs.o ABSOLUTE
    _printf_widthprec                        0x00000000   Number         0  stubs.o ABSOLUTE
    _printf_x                                0x00000000   Number         0  stubs.o ABSOLUTE
    __arm_fini_                               - Undefined Weak Reference
    __cpp_initialize__aeabi_                  - Undefined Weak Reference
    __cxa_finalize                            - Undefined Weak Reference
    _clock_init                               - Undefined Weak Reference
    _microlib_exit                            - Undefined Weak Reference
    _scanf_longlong                           - Undefined Weak Reference
    _scanf_string                             - Undefined Weak Reference
    __Vectors_Size                           0x00000130   Number         0  startup_stm32f10x_hd.o ABSOLUTE
    __Vectors                                0x08000000   Data           4  startup_stm32f10x_hd.o(RESET)
    __Vectors_End                            0x08000130   Data           0  startup_stm32f10x_hd.o(RESET)
    __main                                   0x08000131   Thumb Code     0  entry.o(.ARM.Collect$$$$00000000)
    _main_stk                                0x08000131   Thumb Code     0  entry2.o(.ARM.Collect$$$$00000001)
    _main_scatterload                        0x08000135   Thumb Code     0  entry5.o(.ARM.Collect$$$$00000004)
    __main_after_scatterload                 0x08000139   Thumb Code     0  entry5.o(.ARM.Collect$$$$00000004)
    _main_clock                              0x08000139   Thumb Code     0  entry7b.o(.ARM.Collect$$$$00000008)
    _main_cpp_init                           0x08000139   Thumb Code     0  entry8b.o(.ARM.Collect$$$$0000000A)
    _main_init                               0x08000139   Thumb Code     0  entry9a.o(.ARM.Collect$$$$0000000B)
    __rt_lib_shutdown_fini                   0x08000141   Thumb Code     0  entry12b.o(.ARM.Collect$$$$0000000E)
    __rt_final_cpp                           0x08000145   Thumb Code     0  entry10a.o(.ARM.Collect$$$$0000000F)
    __rt_final_exit                          0x08000145   Thumb Code     0  entry11a.o(.ARM.Collect$$$$00000011)
    Reset_Handler                            0x08000149   Thumb Code     8  startup_stm32f10x_hd.o(.text)
    ADC1_2_IRQHandler                        0x08000163   Thumb Code     0  startup_stm32f10x_hd.o(.text)
    ADC3_IRQHandler                          0x08000163   Thumb Code     0  startup_stm32f10x_hd.o(.text)
    CAN1_RX1_IRQHandler                      0x08000163   Thumb Code     0  startup_stm32f10x_hd.o(.text)
    CAN1_SCE_IRQHandler                      0x08000163   Thumb Code     0  startup_stm32f10x_hd.o(.text)
    DMA1_Channel1_IRQHandler                 0x08000163   Thumb Code     0  startup_stm32f10x_hd.o(.text)
    DMA1_Channel2_IRQHandler                 0x08000163   Thumb Code     0  startup_stm32f10x_hd.o(.text)
    DMA1_Channel3_IRQHandler                 0x08000163   Thumb Code     0  startup_stm32f10x_hd.o(.text)
    DMA1_Channel4_IRQHandler                 0x08000163   Thumb Code     0  startup_stm32f10x_hd.o(.text)
    DMA1_Channel5_IRQHandler                 0x08000163   Thumb Code     0  startup_stm32f10x_hd.o(.text)
    DMA1_Channel6_IRQHandler                 0x08000163   Thumb Code     0  startup_stm32f10x_hd.o(.text)
    DMA1_Channel7_IRQHandler                 0x08000163   Thumb Code     0  startup_stm32f10x_hd.o(.text)
    DMA2_Channel1_IRQHandler                 0x08000163   Thumb Code     0  startup_stm32f10x_hd.o(.text)
    DMA2_Channel2_IRQHandler                 0x08000163   Thumb Code     0  startup_stm32f10x_hd.o(.text)
    DMA2_Channel3_IRQHandler                 0x08000163   Thumb Code     0  startup_stm32f10x_hd.o(.text)
    DMA2_Channel4_5_IRQHandler               0x08000163   Thumb Code     0  startup_stm32f10x_hd.o(.text)
    EXTI0_IRQHandler                         0x08000163   Thumb Code     0  startup_stm32f10x_hd.o(.text)
    EXTI15_10_IRQHandler                     0x08000163   Thumb Code     0  startup_stm32f10x_hd.o(.text)
    EXTI1_IRQHandler                         0x08000163   Thumb Code     0  startup_stm32f10x_hd.o(.text)
    EXTI2_IRQHandler                         0x08000163   Thumb Code     0  startup_stm32f10x_hd.o(.text)
    EXTI3_IRQHandler                         0x08000163   Thumb Code     0  startup_stm32f10x_hd.o(.text)
    EXTI4_IRQHandler                         0x08000163   Thumb Code     0  startup_stm32f10x_hd.o(.text)
    EXTI9_5_IRQHandler                       0x08000163   Thumb Code     0  startup_stm32f10x_hd.o(.text)
    FLASH_IRQHandler                         0x08000163   Thumb Code     0  startup_stm32f10x_hd.o(.text)
    FSMC_IRQHandler                          0x08000163   Thumb Code     0  startup_stm32f10x_hd.o(.text)
    I2C1_ER_IRQHandler                       0x08000163   Thumb Code     0  startup_stm32f10x_hd.o(.text)
    I2C1_EV_IRQHandler                       0x08000163   Thumb Code     0  startup_stm32f10x_hd.o(.text)
    I2C2_ER_IRQHandler                       0x08000163   Thumb Code     0  startup_stm32f10x_hd.o(.text)
    I2C2_EV_IRQHandler                       0x08000163   Thumb Code     0  startup_stm32f10x_hd.o(.text)
    PVD_IRQHandler                           0x08000163   Thumb Code     0  startup_stm32f10x_hd.o(.text)
    RCC_IRQHandler                           0x08000163   Thumb Code     0  startup_stm32f10x_hd.o(.text)
    RTCAlarm_IRQHandler                      0x08000163   Thumb Code     0  startup_stm32f10x_hd.o(.text)
    RTC_IRQHandler                           0x08000163   Thumb Code     0  startup_stm32f10x_hd.o(.text)
    SDIO_IRQHandler                          0x08000163   Thumb Code     0  startup_stm32f10x_hd.o(.text)
    SPI1_IRQHandler                          0x08000163   Thumb Code     0  startup_stm32f10x_hd.o(.text)
    SPI2_IRQHandler                          0x08000163   Thumb Code     0  startup_stm32f10x_hd.o(.text)
    SPI3_IRQHandler                          0x08000163   Thumb Code     0  startup_stm32f10x_hd.o(.text)
    TAMPER_IRQHandler                        0x08000163   Thumb Code     0  startup_stm32f10x_hd.o(.text)
    TIM1_BRK_IRQHandler                      0x08000163   Thumb Code     0  startup_stm32f10x_hd.o(.text)
    TIM1_CC_IRQHandler                       0x08000163   Thumb Code     0  startup_stm32f10x_hd.o(.text)
    TIM1_TRG_COM_IRQHandler                  0x08000163   Thumb Code     0  startup_stm32f10x_hd.o(.text)
    TIM1_UP_IRQHandler                       0x08000163   Thumb Code     0  startup_stm32f10x_hd.o(.text)
    TIM2_IRQHandler                          0x08000163   Thumb Code     0  startup_stm32f10x_hd.o(.text)
    TIM3_IRQHandler                          0x08000163   Thumb Code     0  startup_stm32f10x_hd.o(.text)
    TIM4_IRQHandler                          0x08000163   Thumb Code     0  startup_stm32f10x_hd.o(.text)
    TIM5_IRQHandler                          0x08000163   Thumb Code     0  startup_stm32f10x_hd.o(.text)
    TIM6_IRQHandler                          0x08000163   Thumb Code     0  startup_stm32f10x_hd.o(.text)
    TIM7_IRQHandler                          0x08000163   Thumb Code     0  startup_stm32f10x_hd.o(.text)
    TIM8_BRK_IRQHandler                      0x08000163   Thumb Code     0  startup_stm32f10x_hd.o(.text)
    TIM8_CC_IRQHandler                       0x08000163   Thumb Code     0  startup_stm32f10x_hd.o(.text)
    TIM8_TRG_COM_IRQHandler                  0x08000163   Thumb Code     0  startup_stm32f10x_hd.o(.text)
    TIM8_UP_IRQHandler                       0x08000163   Thumb Code     0  startup_stm32f10x_hd.o(.text)
    UART4_IRQHandler                         0x08000163   Thumb Code     0  startup_stm32f10x_hd.o(.text)
    UART5_IRQHandler                         0x08000163   Thumb Code     0  startup_stm32f10x_hd.o(.text)
    USART2_IRQHandler                        0x08000163   Thumb Code     0  startup_stm32f10x_hd.o(.text)
    USART3_IRQHandler                        0x08000163   Thumb Code     0  startup_stm32f10x_hd.o(.text)
    USBWakeUp_IRQHandler                     0x08000163   Thumb Code     0  startup_stm32f10x_hd.o(.text)
    USB_HP_CAN1_TX_IRQHandler                0x08000163   Thumb Code     0  startup_stm32f10x_hd.o(.text)
    USB_LP_CAN1_RX0_IRQHandler               0x08000163   Thumb Code     0  startup_stm32f10x_hd.o(.text)
    WWDG_IRQHandler                          0x08000163   Thumb Code     0  startup_stm32f10x_hd.o(.text)
    SystemInit                               0x0800024b   Thumb Code    78  system_stm32f10x.o(.text)
    SystemCoreClockUpdate                    0x08000299   Thumb Code   142  system_stm32f10x.o(.text)
    NVIC_PriorityGroupConfig                 0x0800034d   Thumb Code    10  misc.o(.text)
    NVIC_Init                                0x08000357   Thumb Code   100  misc.o(.text)
    NVIC_SetVectorTable                      0x080003bb   Thumb Code    14  misc.o(.text)
    NVIC_SystemLPConfig                      0x080003c9   Thumb Code    34  misc.o(.text)
    SysTick_CLKSourceConfig                  0x080003eb   Thumb Code    40  misc.o(.text)
    DAC_DeInit                               0x08000429   Thumb Code    22  stm32f10x_dac.o(.text)
    DAC_Init                                 0x0800043f   Thumb Code    46  stm32f10x_dac.o(.text)
    DAC_StructInit                           0x0800046d   Thumb Code    12  stm32f10x_dac.o(.text)
    DAC_Cmd                                  0x08000479   Thumb Code    34  stm32f10x_dac.o(.text)
    DAC_DMACmd                               0x0800049b   Thumb Code    38  stm32f10x_dac.o(.text)
    DAC_SoftwareTriggerCmd                   0x080004c1   Thumb Code    48  stm32f10x_dac.o(.text)
    DAC_DualSoftwareTriggerCmd               0x080004f1   Thumb Code    38  stm32f10x_dac.o(.text)
    DAC_WaveGenerationCmd                    0x08000517   Thumb Code    36  stm32f10x_dac.o(.text)
    DAC_SetChannel1Data                      0x0800053b   Thumb Code    26  stm32f10x_dac.o(.text)
    DAC_SetChannel2Data                      0x08000555   Thumb Code    26  stm32f10x_dac.o(.text)
    DAC_SetDualChannelData                   0x0800056f   Thumb Code    32  stm32f10x_dac.o(.text)
    DAC_GetDataOutputValue                   0x0800058f   Thumb Code    32  stm32f10x_dac.o(.text)
    DMA_DeInit                               0x080005b5   Thumb Code   324  stm32f10x_dma.o(.text)
    DMA_Init                                 0x080006f9   Thumb Code    60  stm32f10x_dma.o(.text)
    DMA_StructInit                           0x08000735   Thumb Code    26  stm32f10x_dma.o(.text)
    DMA_Cmd                                  0x0800074f   Thumb Code    24  stm32f10x_dma.o(.text)
    DMA_ITConfig                             0x08000767   Thumb Code    18  stm32f10x_dma.o(.text)
    DMA_SetCurrDataCounter                   0x08000779   Thumb Code     4  stm32f10x_dma.o(.text)
    DMA_GetCurrDataCounter                   0x0800077d   Thumb Code     8  stm32f10x_dma.o(.text)
    DMA_GetFlagStatus                        0x08000785   Thumb Code    40  stm32f10x_dma.o(.text)
    DMA_ClearFlag                            0x080007ad   Thumb Code    22  stm32f10x_dma.o(.text)
    DMA_GetITStatus                          0x080007c3   Thumb Code    40  stm32f10x_dma.o(.text)
    DMA_ClearITPendingBit                    0x080007eb   Thumb Code    22  stm32f10x_dma.o(.text)
    GPIO_DeInit                              0x08000809   Thumb Code   172  stm32f10x_gpio.o(.text)
    GPIO_AFIODeInit                          0x080008b5   Thumb Code    20  stm32f10x_gpio.o(.text)
    GPIO_Init                                0x080008c9   Thumb Code   278  stm32f10x_gpio.o(.text)
    GPIO_StructInit                          0x080009df   Thumb Code    16  stm32f10x_gpio.o(.text)
    GPIO_ReadInputDataBit                    0x080009ef   Thumb Code    18  stm32f10x_gpio.o(.text)
    GPIO_ReadInputData                       0x08000a01   Thumb Code     8  stm32f10x_gpio.o(.text)
    GPIO_ReadOutputDataBit                   0x08000a09   Thumb Code    18  stm32f10x_gpio.o(.text)
    GPIO_ReadOutputData                      0x08000a1b   Thumb Code     8  stm32f10x_gpio.o(.text)
    GPIO_SetBits                             0x08000a23   Thumb Code     4  stm32f10x_gpio.o(.text)
    GPIO_ResetBits                           0x08000a27   Thumb Code     4  stm32f10x_gpio.o(.text)
    GPIO_WriteBit                            0x08000a2b   Thumb Code    10  stm32f10x_gpio.o(.text)
    GPIO_Write                               0x08000a35   Thumb Code     4  stm32f10x_gpio.o(.text)
    GPIO_PinLockConfig                       0x08000a39   Thumb Code    18  stm32f10x_gpio.o(.text)
    GPIO_EventOutputConfig                   0x08000a4b   Thumb Code    26  stm32f10x_gpio.o(.text)
    GPIO_EventOutputCmd                      0x08000a65   Thumb Code     6  stm32f10x_gpio.o(.text)
    GPIO_PinRemapConfig                      0x08000a6b   Thumb Code   138  stm32f10x_gpio.o(.text)
    GPIO_EXTILineConfig                      0x08000af5   Thumb Code    66  stm32f10x_gpio.o(.text)
    GPIO_ETH_MediaInterfaceConfig            0x08000b37   Thumb Code     8  stm32f10x_gpio.o(.text)
    RCC_DeInit                               0x08000b65   Thumb Code    64  stm32f10x_rcc.o(.text)
    RCC_HSEConfig                            0x08000ba5   Thumb Code    70  stm32f10x_rcc.o(.text)
    RCC_GetFlagStatus                        0x08000beb   Thumb Code    56  stm32f10x_rcc.o(.text)
    RCC_WaitForHSEStartUp                    0x08000c23   Thumb Code    56  stm32f10x_rcc.o(.text)
    RCC_AdjustHSICalibrationValue            0x08000c5b   Thumb Code    20  stm32f10x_rcc.o(.text)
    RCC_HSICmd                               0x08000c6f   Thumb Code     6  stm32f10x_rcc.o(.text)
    RCC_PLLConfig                            0x08000c75   Thumb Code    24  stm32f10x_rcc.o(.text)
    RCC_PLLCmd                               0x08000c8d   Thumb Code     6  stm32f10x_rcc.o(.text)
    RCC_SYSCLKConfig                         0x08000c93   Thumb Code    18  stm32f10x_rcc.o(.text)
    RCC_GetSYSCLKSource                      0x08000ca5   Thumb Code    10  stm32f10x_rcc.o(.text)
    RCC_HCLKConfig                           0x08000caf   Thumb Code    18  stm32f10x_rcc.o(.text)
    RCC_PCLK1Config                          0x08000cc1   Thumb Code    18  stm32f10x_rcc.o(.text)
    RCC_PCLK2Config                          0x08000cd3   Thumb Code    20  stm32f10x_rcc.o(.text)
    RCC_ITConfig                             0x08000ce7   Thumb Code    26  stm32f10x_rcc.o(.text)
    RCC_USBCLKConfig                         0x08000d01   Thumb Code     8  stm32f10x_rcc.o(.text)
    RCC_ADCCLKConfig                         0x08000d09   Thumb Code    18  stm32f10x_rcc.o(.text)
    RCC_LSEConfig                            0x08000d1b   Thumb Code    50  stm32f10x_rcc.o(.text)
    RCC_LSICmd                               0x08000d4d   Thumb Code     6  stm32f10x_rcc.o(.text)
    RCC_RTCCLKConfig                         0x08000d53   Thumb Code    12  stm32f10x_rcc.o(.text)
    RCC_RTCCLKCmd                            0x08000d5f   Thumb Code     8  stm32f10x_rcc.o(.text)
    RCC_GetClocksFreq                        0x08000d67   Thumb Code   192  stm32f10x_rcc.o(.text)
    RCC_AHBPeriphClockCmd                    0x08000e27   Thumb Code    26  stm32f10x_rcc.o(.text)
    RCC_APB2PeriphClockCmd                   0x08000e41   Thumb Code    26  stm32f10x_rcc.o(.text)
    RCC_APB1PeriphClockCmd                   0x08000e5b   Thumb Code    26  stm32f10x_rcc.o(.text)
    RCC_APB2PeriphResetCmd                   0x08000e75   Thumb Code    26  stm32f10x_rcc.o(.text)
    RCC_APB1PeriphResetCmd                   0x08000e8f   Thumb Code    26  stm32f10x_rcc.o(.text)
    RCC_BackupResetCmd                       0x08000ea9   Thumb Code     8  stm32f10x_rcc.o(.text)
    RCC_ClockSecuritySystemCmd               0x08000eb1   Thumb Code     6  stm32f10x_rcc.o(.text)
    RCC_MCOConfig                            0x08000eb7   Thumb Code     6  stm32f10x_rcc.o(.text)
    RCC_ClearFlag                            0x08000ebd   Thumb Code    14  stm32f10x_rcc.o(.text)
    RCC_GetITStatus                          0x08000ecb   Thumb Code    20  stm32f10x_rcc.o(.text)
    RCC_ClearITPendingBit                    0x08000edf   Thumb Code     6  stm32f10x_rcc.o(.text)
    TIM_DeInit                               0x08000f09   Thumb Code   424  stm32f10x_tim.o(.text)
    TIM_TimeBaseInit                         0x080010b1   Thumb Code   122  stm32f10x_tim.o(.text)
    TIM_OC1Init                              0x0800112b   Thumb Code   132  stm32f10x_tim.o(.text)
    TIM_OC2Init                              0x080011af   Thumb Code   154  stm32f10x_tim.o(.text)
    TIM_OC3Init                              0x08001249   Thumb Code   150  stm32f10x_tim.o(.text)
    TIM_OC4Init                              0x080012df   Thumb Code   182  stm32f10x_tim.o(.text)
    TIM_SetIC4Prescaler                      0x08001395   Thumb Code    26  stm32f10x_tim.o(.text)
    TIM_SetIC3Prescaler                      0x08001431   Thumb Code    18  stm32f10x_tim.o(.text)
    TIM_SetIC2Prescaler                      0x080014bd   Thumb Code    26  stm32f10x_tim.o(.text)
    TIM_SetIC1Prescaler                      0x08001559   Thumb Code    18  stm32f10x_tim.o(.text)
    TIM_ICInit                               0x080015d7   Thumb Code   150  stm32f10x_tim.o(.text)
    TIM_PWMIConfig                           0x0800166d   Thumb Code   124  stm32f10x_tim.o(.text)
    TIM_BDTRConfig                           0x080016e9   Thumb Code    32  stm32f10x_tim.o(.text)
    TIM_TimeBaseStructInit                   0x08001709   Thumb Code    18  stm32f10x_tim.o(.text)
    TIM_OCStructInit                         0x0800171b   Thumb Code    20  stm32f10x_tim.o(.text)
    TIM_ICStructInit                         0x0800172f   Thumb Code    18  stm32f10x_tim.o(.text)
    TIM_BDTRStructInit                       0x08001741   Thumb Code    40  stm32f10x_tim.o(.text)
    TIM_Cmd                                  0x08001769   Thumb Code    24  stm32f10x_tim.o(.text)
    TIM_CtrlPWMOutputs                       0x08001781   Thumb Code    30  stm32f10x_tim.o(.text)
    TIM_ITConfig                             0x0800179f   Thumb Code    18  stm32f10x_tim.o(.text)
    TIM_GenerateEvent                        0x080017b1   Thumb Code     4  stm32f10x_tim.o(.text)
    TIM_DMAConfig                            0x080017b5   Thumb Code    10  stm32f10x_tim.o(.text)
    TIM_DMACmd                               0x080017bf   Thumb Code    18  stm32f10x_tim.o(.text)
    TIM_InternalClockConfig                  0x080017d1   Thumb Code    12  stm32f10x_tim.o(.text)
    TIM_SelectInputTrigger                   0x080017dd   Thumb Code    18  stm32f10x_tim.o(.text)
    TIM_ITRxExternalClockConfig              0x080017ef   Thumb Code    24  stm32f10x_tim.o(.text)
    TIM_TIxExternalClockConfig               0x08001807   Thumb Code    62  stm32f10x_tim.o(.text)
    TIM_ETRConfig                            0x08001845   Thumb Code    28  stm32f10x_tim.o(.text)
    TIM_ETRClockMode1Config                  0x08001861   Thumb Code    54  stm32f10x_tim.o(.text)
    TIM_ETRClockMode2Config                  0x08001897   Thumb Code    32  stm32f10x_tim.o(.text)
    TIM_PrescalerConfig                      0x080018b7   Thumb Code     6  stm32f10x_tim.o(.text)
    TIM_CounterModeConfig                    0x080018bd   Thumb Code    18  stm32f10x_tim.o(.text)
    TIM_EncoderInterfaceConfig               0x080018cf   Thumb Code    66  stm32f10x_tim.o(.text)
    TIM_ForcedOC1Config                      0x08001911   Thumb Code    18  stm32f10x_tim.o(.text)
    TIM_ForcedOC2Config                      0x08001923   Thumb Code    26  stm32f10x_tim.o(.text)
    TIM_ForcedOC3Config                      0x0800193d   Thumb Code    18  stm32f10x_tim.o(.text)
    TIM_ForcedOC4Config                      0x0800194f   Thumb Code    26  stm32f10x_tim.o(.text)
    TIM_ARRPreloadConfig                     0x08001969   Thumb Code    24  stm32f10x_tim.o(.text)
    TIM_SelectCOM                            0x08001981   Thumb Code    24  stm32f10x_tim.o(.text)
    TIM_SelectCCDMA                          0x08001999   Thumb Code    24  stm32f10x_tim.o(.text)
    TIM_CCPreloadControl                     0x080019b1   Thumb Code    24  stm32f10x_tim.o(.text)
    TIM_OC1PreloadConfig                     0x080019c9   Thumb Code    18  stm32f10x_tim.o(.text)
    TIM_OC2PreloadConfig                     0x080019db   Thumb Code    26  stm32f10x_tim.o(.text)
    TIM_OC3PreloadConfig                     0x080019f5   Thumb Code    18  stm32f10x_tim.o(.text)
    TIM_OC4PreloadConfig                     0x08001a07   Thumb Code    26  stm32f10x_tim.o(.text)
    TIM_OC1FastConfig                        0x08001a21   Thumb Code    18  stm32f10x_tim.o(.text)
    TIM_OC2FastConfig                        0x08001a33   Thumb Code    26  stm32f10x_tim.o(.text)
    TIM_OC3FastConfig                        0x08001a4d   Thumb Code    18  stm32f10x_tim.o(.text)
    TIM_OC4FastConfig                        0x08001a5f   Thumb Code    26  stm32f10x_tim.o(.text)
    TIM_ClearOC1Ref                          0x08001a79   Thumb Code    18  stm32f10x_tim.o(.text)
    TIM_ClearOC2Ref                          0x08001a8b   Thumb Code    24  stm32f10x_tim.o(.text)
    TIM_ClearOC3Ref                          0x08001aa3   Thumb Code    18  stm32f10x_tim.o(.text)
    TIM_ClearOC4Ref                          0x08001ab5   Thumb Code    24  stm32f10x_tim.o(.text)
    TIM_OC1PolarityConfig                    0x08001acd   Thumb Code    18  stm32f10x_tim.o(.text)
    TIM_OC1NPolarityConfig                   0x08001adf   Thumb Code    18  stm32f10x_tim.o(.text)
    TIM_OC2PolarityConfig                    0x08001af1   Thumb Code    26  stm32f10x_tim.o(.text)
    TIM_OC2NPolarityConfig                   0x08001b0b   Thumb Code    26  stm32f10x_tim.o(.text)
    TIM_OC3PolarityConfig                    0x08001b25   Thumb Code    26  stm32f10x_tim.o(.text)
    TIM_OC3NPolarityConfig                   0x08001b3f   Thumb Code    26  stm32f10x_tim.o(.text)
    TIM_OC4PolarityConfig                    0x08001b59   Thumb Code    26  stm32f10x_tim.o(.text)
    TIM_CCxCmd                               0x08001b73   Thumb Code    30  stm32f10x_tim.o(.text)
    TIM_CCxNCmd                              0x08001b91   Thumb Code    30  stm32f10x_tim.o(.text)
    TIM_SelectOCxM                           0x08001baf   Thumb Code    82  stm32f10x_tim.o(.text)
    TIM_UpdateDisableConfig                  0x08001c01   Thumb Code    24  stm32f10x_tim.o(.text)
    TIM_UpdateRequestConfig                  0x08001c19   Thumb Code    24  stm32f10x_tim.o(.text)
    TIM_SelectHallSensor                     0x08001c31   Thumb Code    24  stm32f10x_tim.o(.text)
    TIM_SelectOnePulseMode                   0x08001c49   Thumb Code    18  stm32f10x_tim.o(.text)
    TIM_SelectOutputTrigger                  0x08001c5b   Thumb Code    18  stm32f10x_tim.o(.text)
    TIM_SelectSlaveMode                      0x08001c6d   Thumb Code    18  stm32f10x_tim.o(.text)
    TIM_SelectMasterSlaveMode                0x08001c7f   Thumb Code    18  stm32f10x_tim.o(.text)
    TIM_SetCounter                           0x08001c91   Thumb Code     4  stm32f10x_tim.o(.text)
    TIM_SetAutoreload                        0x08001c95   Thumb Code     4  stm32f10x_tim.o(.text)
    TIM_SetCompare1                          0x08001c99   Thumb Code     4  stm32f10x_tim.o(.text)
    TIM_SetCompare2                          0x08001c9d   Thumb Code     4  stm32f10x_tim.o(.text)
    TIM_SetCompare3                          0x08001ca1   Thumb Code     4  stm32f10x_tim.o(.text)
    TIM_SetCompare4                          0x08001ca5   Thumb Code     6  stm32f10x_tim.o(.text)
    TIM_SetClockDivision                     0x08001cab   Thumb Code    18  stm32f10x_tim.o(.text)
    TIM_GetCapture1                          0x08001cbd   Thumb Code     6  stm32f10x_tim.o(.text)
    TIM_GetCapture2                          0x08001cc3   Thumb Code     6  stm32f10x_tim.o(.text)
    TIM_GetCapture3                          0x08001cc9   Thumb Code     6  stm32f10x_tim.o(.text)
    TIM_GetCapture4                          0x08001ccf   Thumb Code     8  stm32f10x_tim.o(.text)
    TIM_GetCounter                           0x08001cd7   Thumb Code     6  stm32f10x_tim.o(.text)
    TIM_GetPrescaler                         0x08001cdd   Thumb Code     6  stm32f10x_tim.o(.text)
    TIM_GetFlagStatus                        0x08001ce3   Thumb Code    18  stm32f10x_tim.o(.text)
    TIM_ClearFlag                            0x08001cf5   Thumb Code     6  stm32f10x_tim.o(.text)
    TIM_GetITStatus                          0x08001cfb   Thumb Code    34  stm32f10x_tim.o(.text)
    TIM_ClearITPendingBit                    0x08001d1d   Thumb Code     6  stm32f10x_tim.o(.text)
    USART_DeInit                             0x08001d25   Thumb Code   134  stm32f10x_usart.o(.text)
    USART_Init                               0x08001dab   Thumb Code   210  stm32f10x_usart.o(.text)
    USART_StructInit                         0x08001e7d   Thumb Code    24  stm32f10x_usart.o(.text)
    USART_ClockInit                          0x08001e95   Thumb Code    34  stm32f10x_usart.o(.text)
    USART_ClockStructInit                    0x08001eb7   Thumb Code    12  stm32f10x_usart.o(.text)
    USART_Cmd                                0x08001ec3   Thumb Code    24  stm32f10x_usart.o(.text)
    USART_ITConfig                           0x08001edb   Thumb Code    74  stm32f10x_usart.o(.text)
    USART_DMACmd                             0x08001f25   Thumb Code    18  stm32f10x_usart.o(.text)
    USART_SetAddress                         0x08001f37   Thumb Code    18  stm32f10x_usart.o(.text)
    USART_WakeUpConfig                       0x08001f49   Thumb Code    18  stm32f10x_usart.o(.text)
    USART_ReceiverWakeUpCmd                  0x08001f5b   Thumb Code    24  stm32f10x_usart.o(.text)
    USART_LINBreakDetectLengthConfig         0x08001f73   Thumb Code    18  stm32f10x_usart.o(.text)
    USART_LINCmd                             0x08001f85   Thumb Code    24  stm32f10x_usart.o(.text)
    USART_SendData                           0x08001f9d   Thumb Code     8  stm32f10x_usart.o(.text)
    USART_ReceiveData                        0x08001fa5   Thumb Code    10  stm32f10x_usart.o(.text)
    USART_SendBreak                          0x08001faf   Thumb Code    10  stm32f10x_usart.o(.text)
    USART_SetGuardTime                       0x08001fb9   Thumb Code    16  stm32f10x_usart.o(.text)
    USART_SetPrescaler                       0x08001fc9   Thumb Code    16  stm32f10x_usart.o(.text)
    USART_SmartCardCmd                       0x08001fd9   Thumb Code    24  stm32f10x_usart.o(.text)
    USART_SmartCardNACKCmd                   0x08001ff1   Thumb Code    24  stm32f10x_usart.o(.text)
    USART_HalfDuplexCmd                      0x08002009   Thumb Code    24  stm32f10x_usart.o(.text)
    USART_OverSampling8Cmd                   0x08002021   Thumb Code    22  stm32f10x_usart.o(.text)
    USART_OneBitMethodCmd                    0x08002037   Thumb Code    24  stm32f10x_usart.o(.text)
    USART_IrDAConfig                         0x0800204f   Thumb Code    18  stm32f10x_usart.o(.text)
    USART_IrDACmd                            0x08002061   Thumb Code    24  stm32f10x_usart.o(.text)
    USART_GetFlagStatus                      0x08002079   Thumb Code    26  stm32f10x_usart.o(.text)
    USART_ClearFlag                          0x08002093   Thumb Code    18  stm32f10x_usart.o(.text)
    USART_GetITStatus                        0x080020a5   Thumb Code    84  stm32f10x_usart.o(.text)
    USART_ClearITPendingBit                  0x080020f9   Thumb Code    52  stm32f10x_usart.o(.text)
    main                                     0x0800212d   Thumb Code    12  main.o(.text)
    USART1_IRQHandler                        0x08002139   Thumb Code   324  main.o(.text)
    NMI_Handler                              0x08002321   Thumb Code     2  stm32f10x_it.o(.text)
    HardFault_Handler                        0x08002323   Thumb Code     4  stm32f10x_it.o(.text)
    MemManage_Handler                        0x08002327   Thumb Code     4  stm32f10x_it.o(.text)
    BusFault_Handler                         0x0800232b   Thumb Code     4  stm32f10x_it.o(.text)
    UsageFault_Handler                       0x0800232f   Thumb Code     4  stm32f10x_it.o(.text)
    SVC_Handler                              0x08002333   Thumb Code     2  stm32f10x_it.o(.text)
    DebugMon_Handler                         0x08002335   Thumb Code     2  stm32f10x_it.o(.text)
    PendSV_Handler                           0x08002337   Thumb Code     2  stm32f10x_it.o(.text)
    SysTick_Handler                          0x08002339   Thumb Code     2  stm32f10x_it.o(.text)
    USART_Config                             0x08002363   Thumb Code   136  bsp_usart.o(.text)
    Usart_SendByte                           0x080023eb   Thumb Code    30  bsp_usart.o(.text)
    Usart_SendArray                          0x08002409   Thumb Code    48  bsp_usart.o(.text)
    Usart_SendString                         0x08002439   Thumb Code    42  bsp_usart.o(.text)
    Usart_SendHalfWord                       0x08002463   Thumb Code    60  bsp_usart.o(.text)
    fputc                                    0x0800249f   Thumb Code    32  bsp_usart.o(.text)
    fgetc                                    0x080024bf   Thumb Code    26  bsp_usart.o(.text)
    change_to_sine                           0x080024e1   Thumb Code    60  bsp_dac.o(.text)
    change_to_Triangle                       0x0800251d   Thumb Code    60  bsp_dac.o(.text)
    change_to_Pulse                          0x08002559   Thumb Code    60  bsp_dac.o(.text)
    set_sine_vpp                             0x08002595   Thumb Code   152  bsp_dac.o(.text)
    set_Triangle_vpp                         0x0800262d   Thumb Code   242  bsp_dac.o(.text)
    set_Pulse_vpp                            0x0800271f   Thumb Code    82  bsp_dac.o(.text)
    set_peroid                               0x08002771   Thumb Code    26  bsp_dac.o(.text)
    DAC_GPIO_config                          0x0800278b   Thumb Code    32  bsp_dac.o(.text)
    DAC1_TIM_Config                          0x080027ab   Thumb Code    56  bsp_dac.o(.text)
    DAC1_DMA_Config                          0x080027e3   Thumb Code   120  bsp_dac.o(.text)
    DAC_Mode_Init                            0x0800285b   Thumb Code    16  bsp_dac.o(.text)
    __0sscanf                                0x080028a1   Thumb Code    48  __0sscanf.o(.text)
    _scanf_int                               0x080028d9   Thumb Code   332  _scanf_int.o(.text)
    _scanf_real                              0x08002b4d   Thumb Code     0  scanf_fp.o(.text)
    _scanf_really_real                       0x08002b4d   Thumb Code   556  scanf_fp.o(.text)
    __aeabi_dadd                             0x08002d85   Thumb Code   322  dadd.o(.text)
    __aeabi_dsub                             0x08002ec7   Thumb Code     6  dadd.o(.text)
    __aeabi_drsub                            0x08002ecd   Thumb Code     6  dadd.o(.text)
    __aeabi_dmul                             0x08002ed3   Thumb Code   228  dmul.o(.text)
    __aeabi_ddiv                             0x08002fb7   Thumb Code   222  ddiv.o(.text)
    __aeabi_i2d                              0x08003095   Thumb Code    34  dflti.o(.text)
    __aeabi_ui2d                             0x080030b7   Thumb Code    26  dfltui.o(.text)
    __aeabi_f2uiz                            0x080030d1   Thumb Code    40  ffixui.o(.text)
    __aeabi_d2uiz                            0x080030f9   Thumb Code    50  dfixui.o(.text)
    __aeabi_f2d                              0x0800312b   Thumb Code    38  f2d.o(.text)
    __aeabi_uidiv                            0x08003151   Thumb Code     0  uidiv.o(.text)
    __aeabi_uidivmod                         0x08003151   Thumb Code    44  uidiv.o(.text)
    __aeabi_uldivmod                         0x0800317d   Thumb Code    98  uldiv.o(.text)
    __aeabi_llsl                             0x080031df   Thumb Code    30  llshl.o(.text)
    _ll_shift_l                              0x080031df   Thumb Code     0  llshl.o(.text)
    __aeabi_llsr                             0x080031fd   Thumb Code    32  llushr.o(.text)
    _ll_ushift_r                             0x080031fd   Thumb Code     0  llushr.o(.text)
    __aeabi_lasr                             0x0800321d   Thumb Code    36  llsshr.o(.text)
    _ll_sshift_r                             0x0800321d   Thumb Code     0  llsshr.o(.text)
    _chval                                   0x08003241   Thumb Code    28  _chval.o(.text)
    __vfscanf_char                           0x08003269   Thumb Code    20  scanf_char.o(.text)
    _sgetc                                   0x08003285   Thumb Code    30  _sgetc.o(.text)
    _sbackspace                              0x080032a3   Thumb Code    34  _sgetc.o(.text)
    __I$use$fp                               0x080032c5   Thumb Code     0  iusefp.o(.text)
    _double_round                            0x080032c5   Thumb Code    30  depilogue.o(.text)
    _double_epilogue                         0x080032e3   Thumb Code   156  depilogue.o(.text)
    __aeabi_ul2d                             0x0800337f   Thumb Code    24  dfltul.o(.text)
    __aeabi_d2ulz                            0x08003397   Thumb Code    48  dfixul.o(.text)
    __aeabi_cdrcmple                         0x080033c9   Thumb Code    48  cdrcmple.o(.text)
    __aeabi_d2f                              0x080033f9   Thumb Code    56  d2f.o(.text)
    __scatterload                            0x08003431   Thumb Code    28  init.o(.text)
    __scatterload_rt2                        0x08003431   Thumb Code     0  init.o(.text)
    isspace                                  0x08003455   Thumb Code    10  isspace_c.o(.text)
    __vfscanf                                0x08003461   Thumb Code   810  _scanf.o(.text)
    _float_round                             0x08003791   Thumb Code    18  fepilogue.o(.text)
    _float_epilogue                          0x080037a3   Thumb Code    92  fepilogue.o(.text)
    __ARM_scalbn                             0x080037ff   Thumb Code    46  dscalb.o(.text)
    scalbn                                   0x080037ff   Thumb Code     0  dscalb.o(.text)
    __aeabi_d2iz                             0x0800382d   Thumb Code    62  dfixi.o(.text)
    __ctype_lookup                           0x0800386d   Thumb Code    34  ctype_c.o(.text)
    __decompress                             0x08003895   Thumb Code     0  __dclz77c.o(.text)
    __decompress2                            0x08003895   Thumb Code    94  __dclz77c.o(.text)
    __0printf                                0x080038f5   Thumb Code    22  printfa.o(i.__0printf)
    __1printf                                0x080038f5   Thumb Code     0  printfa.o(i.__0printf)
    __2printf                                0x080038f5   Thumb Code     0  printfa.o(i.__0printf)
    __c89printf                              0x080038f5   Thumb Code     0  printfa.o(i.__0printf)
    printf                                   0x080038f5   Thumb Code     0  printfa.o(i.__0printf)
    __ARM_fpclassify                         0x08003915   Thumb Code    40  fpclassify.o(i.__ARM_fpclassify)
    __ieee754_rem_pio2                       0x0800393d   Thumb Code   828  rred.o(i.__ieee754_rem_pio2)
    __kernel_cos                             0x08003cc5   Thumb Code   230  cos_i.o(i.__kernel_cos)
    __kernel_poly                            0x08003dc1   Thumb Code   170  poly.o(i.__kernel_poly)
    __kernel_sin                             0x08003e6d   Thumb Code   224  sin_i.o(i.__kernel_sin)
    __mathlib_dbl_infnan                     0x08003f59   Thumb Code     6  dunder.o(i.__mathlib_dbl_infnan)
    __mathlib_dbl_invalid                    0x08003f5f   Thumb Code    12  dunder.o(i.__mathlib_dbl_invalid)
    __mathlib_dbl_underflow                  0x08003f6d   Thumb Code    10  dunder.o(i.__mathlib_dbl_underflow)
    __scatterload_copy                       0x08003f7d   Thumb Code    14  handlers.o(i.__scatterload_copy)
    __scatterload_null                       0x08003f8b   Thumb Code     2  handlers.o(i.__scatterload_null)
    __scatterload_zeroinit                   0x08003f8d   Thumb Code    14  handlers.o(i.__scatterload_zeroinit)
    __set_errno                              0x08003f9d   Thumb Code     6  errno.o(i.__set_errno)
    _is_digit                                0x0800412d   Thumb Code    14  scanf_fp.o(i._is_digit)
    sin                                      0x08004845   Thumb Code   150  sin.o(i.sin)
    __ctype_categories                       0x08004a08   Data          64  ctype_c.o(.constdata)
    Region$$Table$$Base                      0x08004a48   Number         0  anon$$obj.o(Region$$Table)
    Region$$Table$$Limit                     0x08004a68   Number         0  anon$$obj.o(Region$$Table)
    SystemCoreClock                          0x20000000   Data           4  system_stm32f10x.o(.data)
    AHBPrescTable                            0x20000004   Data          16  system_stm32f10x.o(.data)
    rx_cnt                                   0x20000028   Data           1  main.o(.data)
    ucTemp                                   0x20000029   Data           1  main.o(.data)
    freq                                     0x2000002c   Data           4  main.o(.data)
    vpp                                      0x20000030   Data           4  main.o(.data)
    wave_flag                                0x20000034   Data           4  main.o(.data)
    Sine12bit                                0x20000038   Data         256  bsp_dac.o(.data)
    TriangleWave12bit                        0x20000138   Data         256  bsp_dac.o(.data)
    PulseWave12bit                           0x20000238   Data         256  bsp_dac.o(.data)
    __stdout                                 0x20000338   Data           4  stdout.o(.data)
    UART1_RX_BUF                             0x20000340   Data         100  main.o(.bss)
    Sine                                     0x200003a4   Data          12  main.o(.bss)
    Triangle                                 0x200003b0   Data          12  main.o(.bss)
    Pulse                                    0x200003bc   Data          12  main.o(.bss)
    __initial_sp                             0x200007c8   Data           0  startup_stm32f10x_hd.o(STACK)



==============================================================================

Memory Map of the image

  Image Entry point : 0x08000131

  Load Region LR_IROM1 (Base: 0x08000000, Size: 0x00004da8, Max: 0x00040000, ABSOLUTE, COMPRESSED[0x00004b88])

    Execution Region ER_IROM1 (Exec base: 0x08000000, Load base: 0x08000000, Size: 0x00004a68, Max: 0x00040000, ABSOLUTE)

    Exec Addr    Load Addr    Size         Type   Attr      Idx    E Section Name        Object

    0x08000000   0x08000000   0x00000130   Data   RO            3    RESET               startup_stm32f10x_hd.o
    0x08000130   0x08000130   0x00000000   Code   RO          525  * .ARM.Collect$$$$00000000  mc_w.l(entry.o)
    0x08000130   0x08000130   0x00000004   Code   RO          841    .ARM.Collect$$$$00000001  mc_w.l(entry2.o)
    0x08000134   0x08000134   0x00000004   Code   RO          844    .ARM.Collect$$$$00000004  mc_w.l(entry5.o)
    0x08000138   0x08000138   0x00000000   Code   RO          846    .ARM.Collect$$$$00000008  mc_w.l(entry7b.o)
    0x08000138   0x08000138   0x00000000   Code   RO          848    .ARM.Collect$$$$0000000A  mc_w.l(entry8b.o)
    0x08000138   0x08000138   0x00000008   Code   RO          849    .ARM.Collect$$$$0000000B  mc_w.l(entry9a.o)
    0x08000140   0x08000140   0x00000004   Code   RO          856    .ARM.Collect$$$$0000000E  mc_w.l(entry12b.o)
    0x08000144   0x08000144   0x00000000   Code   RO          851    .ARM.Collect$$$$0000000F  mc_w.l(entry10a.o)
    0x08000144   0x08000144   0x00000000   Code   RO          853    .ARM.Collect$$$$00000011  mc_w.l(entry11a.o)
    0x08000144   0x08000144   0x00000004   Code   RO          842    .ARM.Collect$$$$00002712  mc_w.l(entry2.o)
    0x08000148   0x08000148   0x00000024   Code   RO            4    .text               startup_stm32f10x_hd.o
    0x0800016c   0x0800016c   0x000001e0   Code   RO           24    .text               system_stm32f10x.o
    0x0800034c   0x0800034c   0x000000dc   Code   RO           64    .text               misc.o
    0x08000428   0x08000428   0x0000018c   Code   RO          155    .text               stm32f10x_dac.o
    0x080005b4   0x080005b4   0x00000254   Code   RO          185    .text               stm32f10x_dma.o
    0x08000808   0x08000808   0x0000035c   Code   RO          245    .text               stm32f10x_gpio.o
    0x08000b64   0x08000b64   0x000003a4   Code   RO          302    .text               stm32f10x_rcc.o
    0x08000f08   0x08000f08   0x00000e1a   Code   RO          361    .text               stm32f10x_tim.o
    0x08001d22   0x08001d22   0x00000002   PAD
    0x08001d24   0x08001d24   0x00000408   Code   RO          376    .text               stm32f10x_usart.o
    0x0800212c   0x0800212c   0x000001f4   Code   RO          403    .text               main.o
    0x08002320   0x08002320   0x0000001a   Code   RO          435    .text               stm32f10x_it.o
    0x0800233a   0x0800233a   0x00000002   PAD
    0x0800233c   0x0800233c   0x000001a4   Code   RO          450    .text               bsp_usart.o
    0x080024e0   0x080024e0   0x000003c0   Code   RO          462    .text               bsp_dac.o
    0x080028a0   0x080028a0   0x00000038   Code   RO          789    .text               mc_w.l(__0sscanf.o)
    0x080028d8   0x080028d8   0x0000014c   Code   RO          791    .text               mc_w.l(_scanf_int.o)
    0x08002a24   0x08002a24   0x00000360   Code   RO          793    .text               mc_w.l(scanf_fp.o)
    0x08002d84   0x08002d84   0x0000014e   Code   RO          797    .text               mf_w.l(dadd.o)
    0x08002ed2   0x08002ed2   0x000000e4   Code   RO          799    .text               mf_w.l(dmul.o)
    0x08002fb6   0x08002fb6   0x000000de   Code   RO          801    .text               mf_w.l(ddiv.o)
    0x08003094   0x08003094   0x00000022   Code   RO          803    .text               mf_w.l(dflti.o)
    0x080030b6   0x080030b6   0x0000001a   Code   RO          805    .text               mf_w.l(dfltui.o)
    0x080030d0   0x080030d0   0x00000028   Code   RO          807    .text               mf_w.l(ffixui.o)
    0x080030f8   0x080030f8   0x00000032   Code   RO          809    .text               mf_w.l(dfixui.o)
    0x0800312a   0x0800312a   0x00000026   Code   RO          811    .text               mf_w.l(f2d.o)
    0x08003150   0x08003150   0x0000002c   Code   RO          858    .text               mc_w.l(uidiv.o)
    0x0800317c   0x0800317c   0x00000062   Code   RO          860    .text               mc_w.l(uldiv.o)
    0x080031de   0x080031de   0x0000001e   Code   RO          862    .text               mc_w.l(llshl.o)
    0x080031fc   0x080031fc   0x00000020   Code   RO          864    .text               mc_w.l(llushr.o)
    0x0800321c   0x0800321c   0x00000024   Code   RO          866    .text               mc_w.l(llsshr.o)
    0x08003240   0x08003240   0x0000001c   Code   RO          875    .text               mc_w.l(_chval.o)
    0x0800325c   0x0800325c   0x00000028   Code   RO          877    .text               mc_w.l(scanf_char.o)
    0x08003284   0x08003284   0x00000040   Code   RO          879    .text               mc_w.l(_sgetc.o)
    0x080032c4   0x080032c4   0x00000000   Code   RO          881    .text               mc_w.l(iusefp.o)
    0x080032c4   0x080032c4   0x000000ba   Code   RO          882    .text               mf_w.l(depilogue.o)
    0x0800337e   0x0800337e   0x00000018   Code   RO          884    .text               mf_w.l(dfltul.o)
    0x08003396   0x08003396   0x00000030   Code   RO          886    .text               mf_w.l(dfixul.o)
    0x080033c6   0x080033c6   0x00000002   PAD
    0x080033c8   0x080033c8   0x00000030   Code   RO          888    .text               mf_w.l(cdrcmple.o)
    0x080033f8   0x080033f8   0x00000038   Code   RO          890    .text               mf_w.l(d2f.o)
    0x08003430   0x08003430   0x00000024   Code   RO          896    .text               mc_w.l(init.o)
    0x08003454   0x08003454   0x0000000a   Code   RO          898    .text               mc_w.l(isspace_c.o)
    0x0800345e   0x0800345e   0x00000002   PAD
    0x08003460   0x08003460   0x00000330   Code   RO          900    .text               mc_w.l(_scanf.o)
    0x08003790   0x08003790   0x0000006e   Code   RO          902    .text               mf_w.l(fepilogue.o)
    0x080037fe   0x080037fe   0x0000002e   Code   RO          904    .text               mf_w.l(dscalb.o)
    0x0800382c   0x0800382c   0x0000003e   Code   RO          906    .text               mf_w.l(dfixi.o)
    0x0800386a   0x0800386a   0x00000002   PAD
    0x0800386c   0x0800386c   0x00000028   Code   RO          908    .text               mc_w.l(ctype_c.o)
    0x08003894   0x08003894   0x0000005e   Code   RO          919    .text               mc_w.l(__dclz77c.o)
    0x080038f2   0x080038f2   0x00000002   PAD
    0x080038f4   0x080038f4   0x00000020   Code   RO          761    i.__0printf         mc_w.l(printfa.o)
    0x08003914   0x08003914   0x00000028   Code   RO          892    i.__ARM_fpclassify  m_ws.l(fpclassify.o)
    0x0800393c   0x0800393c   0x00000388   Code   RO          830    i.__ieee754_rem_pio2  m_ws.l(rred.o)
    0x08003cc4   0x08003cc4   0x000000fc   Code   RO          813    i.__kernel_cos      m_ws.l(cos_i.o)
    0x08003dc0   0x08003dc0   0x000000aa   Code   RO          894    i.__kernel_poly     m_ws.l(poly.o)
    0x08003e6a   0x08003e6a   0x00000002   PAD
    0x08003e6c   0x08003e6c   0x000000ec   Code   RO          835    i.__kernel_sin      m_ws.l(sin_i.o)
    0x08003f58   0x08003f58   0x00000006   Code   RO          817    i.__mathlib_dbl_infnan  m_ws.l(dunder.o)
    0x08003f5e   0x08003f5e   0x0000000c   Code   RO          819    i.__mathlib_dbl_invalid  m_ws.l(dunder.o)
    0x08003f6a   0x08003f6a   0x00000002   PAD
    0x08003f6c   0x08003f6c   0x00000010   Code   RO          822    i.__mathlib_dbl_underflow  m_ws.l(dunder.o)
    0x08003f7c   0x08003f7c   0x0000000e   Code   RO          913    i.__scatterload_copy  mc_w.l(handlers.o)
    0x08003f8a   0x08003f8a   0x00000002   Code   RO          914    i.__scatterload_null  mc_w.l(handlers.o)
    0x08003f8c   0x08003f8c   0x0000000e   Code   RO          915    i.__scatterload_zeroinit  mc_w.l(handlers.o)
    0x08003f9a   0x08003f9a   0x00000002   PAD
    0x08003f9c   0x08003f9c   0x0000000c   Code   RO          870    i.__set_errno       mc_w.l(errno.o)
    0x08003fa8   0x08003fa8   0x00000184   Code   RO          768    i._fp_digits        mc_w.l(printfa.o)
    0x0800412c   0x0800412c   0x0000000e   Code   RO          795    i._is_digit         mc_w.l(scanf_fp.o)
    0x0800413a   0x0800413a   0x00000002   PAD
    0x0800413c   0x0800413c   0x000006b4   Code   RO          769    i._printf_core      mc_w.l(printfa.o)
    0x080047f0   0x080047f0   0x00000024   Code   RO          770    i._printf_post_padding  mc_w.l(printfa.o)
    0x08004814   0x08004814   0x0000002e   Code   RO          771    i._printf_pre_padding  mc_w.l(printfa.o)
    0x08004842   0x08004842   0x00000002   PAD
    0x08004844   0x08004844   0x000000a0   Code   RO          518    i.sin               m_ws.l(sin.o)
    0x080048e4   0x080048e4   0x00000004   PAD
    0x080048e8   0x080048e8   0x00000030   Data   RO          814    .constdata          m_ws.l(cos_i.o)
    0x08004918   0x08004918   0x000000c8   Data   RO          832    .constdata          m_ws.l(rred.o)
    0x080049e0   0x080049e0   0x00000028   Data   RO          836    .constdata          m_ws.l(sin_i.o)
    0x08004a08   0x08004a08   0x00000040   Data   RO          909    .constdata          mc_w.l(ctype_c.o)
    0x08004a48   0x08004a48   0x00000020   Data   RO          911    Region$$Table       anon$$obj.o


    Execution Region RW_IRAM1 (Exec base: 0x20000000, Load base: 0x08004a68, Size: 0x000007c8, Max: 0x0000c000, ABSOLUTE, COMPRESSED[0x00000120])

    Exec Addr    Load Addr    Size         Type   Attr      Idx    E Section Name        Object

    0x20000000   COMPRESSED   0x00000014   Data   RW           25    .data               system_stm32f10x.o
    0x20000014   COMPRESSED   0x00000014   Data   RW          303    .data               stm32f10x_rcc.o
    0x20000028   COMPRESSED   0x00000010   Data   RW          405    .data               main.o
    0x20000038   COMPRESSED   0x00000300   Data   RW          463    .data               bsp_dac.o
    0x20000338   COMPRESSED   0x00000004   Data   RW          857    .data               mc_w.l(stdout.o)
    0x2000033c   COMPRESSED   0x00000004   Data   RW          871    .data               mc_w.l(errno.o)
    0x20000340        -       0x00000088   Zero   RW          404    .bss                main.o
    0x200003c8        -       0x00000400   Zero   RW            1    STACK               startup_stm32f10x_hd.o


==============================================================================

Image component sizes


      Code (inc. data)   RO Data    RW Data    ZI Data      Debug   Object Name

       960         54          0        768          0       3666   bsp_dac.o
       420          8          0          0          0       2698   bsp_usart.o
         0          0          0          0          0       4516   core_cm3.o
       500        164          0         16        136       3565   main.o
       220         22          0          0          0       1885   misc.o
        36          8        304          0       1024        896   startup_stm32f10x_hd.o
       396          6          0          0          0       8494   stm32f10x_dac.o
       596          8          0          0          0      14338   stm32f10x_dma.o
       860         38          0          0          0       5813   stm32f10x_gpio.o
        26          0          0          0          0       1246   stm32f10x_it.o
       932         36          0         20          0       9028   stm32f10x_rcc.o
      3610         88          0          0          0      43328   stm32f10x_tim.o
      1032         22          0          0          0       8544   stm32f10x_usart.o
       480         38          0         20          0     230195   system_stm32f10x.o

    ----------------------------------------------------------------------
     10072        492        336        824       1160     338212   Object Totals
         0          0         32          0          0          0   (incl. Generated)
         4          0          0          0          0          0   (incl. Padding)

    ----------------------------------------------------------------------

      Code (inc. data)   RO Data    RW Data    ZI Data      Debug   Library Member Name

       252         22         48          0          0        124   cos_i.o
        34          6          0          0          0        204   dunder.o
        40          0          0          0          0         68   fpclassify.o
       170          0          0          0          0         96   poly.o
       904         76        200          0          0        140   rred.o
       160         10          0          0          0        108   sin.o
       236         12         40          0          0        128   sin_i.o
        56          8          0          0          0         84   __0sscanf.o
        94          0          0          0          0          0   __dclz77c.o
        28          0          0          0          0         68   _chval.o
       816          6          0          0          0        112   _scanf.o
       332          0          0          0          0         96   _scanf_int.o
        64          0          0          0          0         84   _sgetc.o
        40          6         64          0          0         68   ctype_c.o
         0          0          0          0          0          0   entry.o
         0          0          0          0          0          0   entry10a.o
         0          0          0          0          0          0   entry11a.o
         4          0          0          0          0          0   entry12b.o
         8          4          0          0          0          0   entry2.o
         4          0          0          0          0          0   entry5.o
         0          0          0          0          0          0   entry7b.o
         0          0          0          0          0          0   entry8b.o
         8          4          0          0          0          0   entry9a.o
        12          6          0          4          0         68   errno.o
        30          0          0          0          0          0   handlers.o
        36          8          0          0          0         68   init.o
        10          0          0          0          0         68   isspace_c.o
         0          0          0          0          0          0   iusefp.o
        30          0          0          0          0         68   llshl.o
        36          0          0          0          0         68   llsshr.o
        32          0          0          0          0         68   llushr.o
      2218         90          0          0          0        464   printfa.o
        40          8          0          0          0         84   scanf_char.o
       878         12          0          0          0        216   scanf_fp.o
         0          0          0          4          0          0   stdout.o
        44          0          0          0          0         80   uidiv.o
        98          0          0          0          0         92   uldiv.o
        48          0          0          0          0         68   cdrcmple.o
        56          0          0          0          0         88   d2f.o
       334          0          0          0          0        148   dadd.o
       222          0          0          0          0        100   ddiv.o
       186          0          0          0          0        176   depilogue.o
        62          0          0          0          0         80   dfixi.o
        50          0          0          0          0         76   dfixui.o
        48          0          0          0          0         68   dfixul.o
        34          0          0          0          0         76   dflti.o
        26          0          0          0          0         76   dfltui.o
        24          0          0          0          0         76   dfltul.o
       228          0          0          0          0         96   dmul.o
        46          0          0          0          0         80   dscalb.o
        38          0          0          0          0         68   f2d.o
       110          0          0          0          0        168   fepilogue.o
        40          0          0          0          0         68   ffixui.o

    ----------------------------------------------------------------------
      8288        282        352          8          0       4236   Library Totals
        22          4          0          0          0          0   (incl. Padding)

    ----------------------------------------------------------------------

      Code (inc. data)   RO Data    RW Data    ZI Data      Debug   Library Name

      1796        126        288          0          0        868   m_ws.l
      4918        152         64          8          0       1856   mc_w.l
      1552          0          0          0          0       1512   mf_w.l

    ----------------------------------------------------------------------
      8288        282        352          8          0       4236   Library Totals

    ----------------------------------------------------------------------

==============================================================================


      Code (inc. data)   RO Data    RW Data    ZI Data      Debug   

     18360        774        688        832       1160     339248   Grand Totals
     18360        774        688        288       1160     339248   ELF Image Totals (compressed)
     18360        774        688        288          0          0   ROM Totals

==============================================================================

    Total RO  Size (Code + RO Data)                19048 (  18.60kB)
    Total RW  Size (RW Data + ZI Data)              1992 (   1.95kB)
    Total ROM Size (Code + RO Data + RW Data)      19336 (  18.88kB)

==============================================================================

